Archive member included to satisfy reference by file (symbol)

d:/telepitett/systemworkbench/plugins/fr.ac6.mcu.externaltools.arm-none.win32_1.15.0.201708311556/tools/compiler/bin/../lib/gcc/arm-none-eabi/6.3.1/../../../../arm-none-eabi/lib/thumb/v7e-m/fpv4-sp/hard\libstdc++_nano.a(new_op.o)
                              Src/main.o (operator new(unsigned int))
d:/telepitett/systemworkbench/plugins/fr.ac6.mcu.externaltools.arm-none.win32_1.15.0.201708311556/tools/compiler/bin/../lib/gcc/arm-none-eabi/6.3.1/../../../../arm-none-eabi/lib/thumb/v7e-m/fpv4-sp/hard\libstdc++_nano.a(new_handler.o)
                              d:/telepitett/systemworkbench/plugins/fr.ac6.mcu.externaltools.arm-none.win32_1.15.0.201708311556/tools/compiler/bin/../lib/gcc/arm-none-eabi/6.3.1/../../../../arm-none-eabi/lib/thumb/v7e-m/fpv4-sp/hard\libstdc++_nano.a(new_op.o) (std::get_new_handler())
d:/telepitett/systemworkbench/plugins/fr.ac6.mcu.externaltools.arm-none.win32_1.15.0.201708311556/tools/compiler/bin/../lib/gcc/arm-none-eabi/6.3.1/thumb/v7e-m/fpv4-sp/hard\libgcc.a(_aeabi_uldivmod.o)
                              Drivers/STM32F4xx_HAL_Driver/Src/stm32f4xx_hal_rcc.o (__aeabi_uldivmod)
d:/telepitett/systemworkbench/plugins/fr.ac6.mcu.externaltools.arm-none.win32_1.15.0.201708311556/tools/compiler/bin/../lib/gcc/arm-none-eabi/6.3.1/thumb/v7e-m/fpv4-sp/hard\libgcc.a(_udivmoddi4.o)
                              d:/telepitett/systemworkbench/plugins/fr.ac6.mcu.externaltools.arm-none.win32_1.15.0.201708311556/tools/compiler/bin/../lib/gcc/arm-none-eabi/6.3.1/thumb/v7e-m/fpv4-sp/hard\libgcc.a(_aeabi_uldivmod.o) (__udivmoddi4)
d:/telepitett/systemworkbench/plugins/fr.ac6.mcu.externaltools.arm-none.win32_1.15.0.201708311556/tools/compiler/bin/../lib/gcc/arm-none-eabi/6.3.1/thumb/v7e-m/fpv4-sp/hard\libgcc.a(_dvmd_tls.o)
                              d:/telepitett/systemworkbench/plugins/fr.ac6.mcu.externaltools.arm-none.win32_1.15.0.201708311556/tools/compiler/bin/../lib/gcc/arm-none-eabi/6.3.1/thumb/v7e-m/fpv4-sp/hard\libgcc.a(_aeabi_uldivmod.o) (__aeabi_ldiv0)
d:/telepitett/systemworkbench/plugins/fr.ac6.mcu.externaltools.arm-none.win32_1.15.0.201708311556/tools/compiler/bin/../lib/gcc/arm-none-eabi/6.3.1/../../../../arm-none-eabi/lib/thumb/v7e-m/fpv4-sp/hard\libc_nano.a(lib_a-abort.o)
                              d:/telepitett/systemworkbench/plugins/fr.ac6.mcu.externaltools.arm-none.win32_1.15.0.201708311556/tools/compiler/bin/../lib/gcc/arm-none-eabi/6.3.1/../../../../arm-none-eabi/lib/thumb/v7e-m/fpv4-sp/hard\libstdc++_nano.a(new_op.o) (abort)
d:/telepitett/systemworkbench/plugins/fr.ac6.mcu.externaltools.arm-none.win32_1.15.0.201708311556/tools/compiler/bin/../lib/gcc/arm-none-eabi/6.3.1/../../../../arm-none-eabi/lib/thumb/v7e-m/fpv4-sp/hard\libc_nano.a(lib_a-errno.o)
                              Src/syscalls.o (__errno)
d:/telepitett/systemworkbench/plugins/fr.ac6.mcu.externaltools.arm-none.win32_1.15.0.201708311556/tools/compiler/bin/../lib/gcc/arm-none-eabi/6.3.1/../../../../arm-none-eabi/lib/thumb/v7e-m/fpv4-sp/hard\libc_nano.a(lib_a-exit.o)
                              d:/telepitett/systemworkbench/plugins/fr.ac6.mcu.externaltools.arm-none.win32_1.15.0.201708311556/tools/compiler/bin/../lib/gcc/arm-none-eabi/6.3.1/../../../../arm-none-eabi/lib/thumb/v7e-m/fpv4-sp/hard/crt0.o (exit)
d:/telepitett/systemworkbench/plugins/fr.ac6.mcu.externaltools.arm-none.win32_1.15.0.201708311556/tools/compiler/bin/../lib/gcc/arm-none-eabi/6.3.1/../../../../arm-none-eabi/lib/thumb/v7e-m/fpv4-sp/hard\libc_nano.a(lib_a-impure.o)
                              d:/telepitett/systemworkbench/plugins/fr.ac6.mcu.externaltools.arm-none.win32_1.15.0.201708311556/tools/compiler/bin/../lib/gcc/arm-none-eabi/6.3.1/../../../../arm-none-eabi/lib/thumb/v7e-m/fpv4-sp/hard\libc_nano.a(lib_a-exit.o) (_global_impure_ptr)
d:/telepitett/systemworkbench/plugins/fr.ac6.mcu.externaltools.arm-none.win32_1.15.0.201708311556/tools/compiler/bin/../lib/gcc/arm-none-eabi/6.3.1/../../../../arm-none-eabi/lib/thumb/v7e-m/fpv4-sp/hard\libc_nano.a(lib_a-init.o)
                              d:/telepitett/systemworkbench/plugins/fr.ac6.mcu.externaltools.arm-none.win32_1.15.0.201708311556/tools/compiler/bin/../lib/gcc/arm-none-eabi/6.3.1/../../../../arm-none-eabi/lib/thumb/v7e-m/fpv4-sp/hard/crt0.o (__libc_init_array)
d:/telepitett/systemworkbench/plugins/fr.ac6.mcu.externaltools.arm-none.win32_1.15.0.201708311556/tools/compiler/bin/../lib/gcc/arm-none-eabi/6.3.1/../../../../arm-none-eabi/lib/thumb/v7e-m/fpv4-sp/hard\libc_nano.a(lib_a-malloc.o)
                              d:/telepitett/systemworkbench/plugins/fr.ac6.mcu.externaltools.arm-none.win32_1.15.0.201708311556/tools/compiler/bin/../lib/gcc/arm-none-eabi/6.3.1/../../../../arm-none-eabi/lib/thumb/v7e-m/fpv4-sp/hard\libstdc++_nano.a(new_op.o) (malloc)
[...]
Memory Configuration

Name             Origin             Length             Attributes
RAM              0x20000000         0x00020000         xrw
CCMRAM           0x10000000         0x00010000         xrw
FLASH            0x08000000         0x00100000         xr
*default*        0x00000000         0xffffffff

Linker script and memory map

LOAD d:/telepitett/systemworkbench/plugins/fr.ac6.mcu.externaltools.arm-none.win32_1.15.0.201708311556/tools/compiler/bin/../lib/gcc/arm-none-eabi/6.3.1/thumb/v7e-m/fpv4-sp/hard/crti.o
LOAD d:/telepitett/systemworkbench/plugins/fr.ac6.mcu.externaltools.arm-none.win32_1.15.0.201708311556/tools/compiler/bin/../lib/gcc/arm-none-eabi/6.3.1/thumb/v7e-m/fpv4-sp/hard/crtbegin.o
LOAD d:/telepitett/systemworkbench/plugins/fr.ac6.mcu.externaltools.arm-none.win32_1.15.0.201708311556/tools/compiler/bin/../lib/gcc/arm-none-eabi/6.3.1/../../../../arm-none-eabi/lib/thumb/v7e-m/fpv4-sp/hard/crt0.o
LOAD Drivers/STM32F4xx_HAL_Driver/Src/stm32f4xx_hal.o
LOAD Drivers/STM32F4xx_HAL_Driver/Src/stm32f4xx_hal_adc.o
LOAD Drivers/STM32F4xx_HAL_Driver/Src/stm32f4xx_hal_adc_ex.o
LOAD Drivers/STM32F4xx_HAL_Driver/Src/stm32f4xx_hal_cortex.o
LOAD Drivers/STM32F4xx_HAL_Driver/Src/stm32f4xx_hal_dma.o
LOAD Drivers/STM32F4xx_HAL_Driver/Src/stm32f4xx_hal_dma_ex.o
LOAD Drivers/STM32F4xx_HAL_Driver/Src/stm32f4xx_hal_exti.o
LOAD Drivers/STM32F4xx_HAL_Driver/Src/stm32f4xx_hal_flash.o
LOAD Drivers/STM32F4xx_HAL_Driver/Src/stm32f4xx_hal_flash_ex.o
LOAD Drivers/STM32F4xx_HAL_Driver/Src/stm32f4xx_hal_flash_ramfunc.o
LOAD Drivers/STM32F4xx_HAL_Driver/Src/stm32f4xx_hal_gpio.o
LOAD Drivers/STM32F4xx_HAL_Driver/Src/stm32f4xx_hal_i2c.o
LOAD Drivers/STM32F4xx_HAL_Driver/Src/stm32f4xx_hal_i2c_ex.o
LOAD Drivers/STM32F4xx_HAL_Driver/Src/stm32f4xx_hal_pwr.o
LOAD Drivers/STM32F4xx_HAL_Driver/Src/stm32f4xx_hal_pwr_ex.o
LOAD Drivers/STM32F4xx_HAL_Driver/Src/stm32f4xx_hal_rcc.o
LOAD Drivers/STM32F4xx_HAL_Driver/Src/stm32f4xx_hal_rcc_ex.o
LOAD Drivers/STM32F4xx_HAL_Driver/Src/stm32f4xx_hal_tim.o
LOAD Drivers/STM32F4xx_HAL_Driver/Src/stm32f4xx_hal_tim_ex.o
LOAD Drivers/STM32F4xx_HAL_Driver/Src/stm32f4xx_hal_uart.o
LOAD Src/CHARGER.o
LOAD Src/I2C.o
LOAD Src/PID.o
LOAD Src/UART.o
LOAD Src/main.o
LOAD Src/stm32f4xx_hal_msp.o
LOAD Src/stm32f4xx_it.o
LOAD Src/syscalls.o
LOAD Src/system_stm32f4xx.o
LOAD startup/startup_stm32f405xx.o
LOAD d:/telepitett/systemworkbench/plugins/fr.ac6.mcu.externaltools.arm-none.win32_1.15.0.201708311556/tools/compiler/bin/../lib/gcc/arm-none-eabi/6.3.1/../../../../arm-none-eabi/lib/thumb/v7e-m/fpv4-sp/hard\libstdc++_nano.a
LOAD d:/telepitett/systemworkbench/plugins/fr.ac6.mcu.externaltools.arm-none.win32_1.15.0.201708311556/tools/compiler/bin/../lib/gcc/arm-none-eabi/6.3.1/../../../../arm-none-eabi/lib/thumb/v7e-m/fpv4-sp/hard\libm.a
START GROUP
LOAD d:/telepitett/systemworkbench/plugins/fr.ac6.mcu.externaltools.arm-none.win32_1.15.0.201708311556/tools/compiler/bin/../lib/gcc/arm-none-eabi/6.3.1/thumb/v7e-m/fpv4-sp/hard\libgcc.a
LOAD d:/telepitett/systemworkbench/plugins/fr.ac6.mcu.externaltools.arm-none.win32_1.15.0.201708311556/tools/compiler/bin/../lib/gcc/arm-none-eabi/6.3.1/../../../../arm-none-eabi/lib/thumb/v7e-m/fpv4-sp/hard\libc_nano.a
END GROUP
START GROUP
LOAD d:/telepitett/systemworkbench/plugins/fr.ac6.mcu.externaltools.arm-none.win32_1.15.0.201708311556/tools/compiler/bin/../lib/gcc/arm-none-eabi/6.3.1/thumb/v7e-m/fpv4-sp/hard\libgcc.a
LOAD d:/telepitett/systemworkbench/plugins/fr.ac6.mcu.externaltools.arm-none.win32_1.15.0.201708311556/tools/compiler/bin/../lib/gcc/arm-none-eabi/6.3.1/../../../../arm-none-eabi/lib/thumb/v7e-m/fpv4-sp/hard\libc_nano.a
LOAD d:/telepitett/systemworkbench/plugins/fr.ac6.mcu.externaltools.arm-none.win32_1.15.0.201708311556/tools/compiler/bin/../lib/gcc/arm-none-eabi/6.3.1/../../../../arm-none-eabi/lib/thumb/v7e-m/fpv4-sp/hard\libnosys.a
END GROUP
START GROUP
LOAD d:/telepitett/systemworkbench/plugins/fr.ac6.mcu.externaltools.arm-none.win32_1.15.0.201708311556/tools/compiler/bin/../lib/gcc/arm-none-eabi/6.3.1/thumb/v7e-m/fpv4-sp/hard\libgcc.a
LOAD d:/telepitett/systemworkbench/plugins/fr.ac6.mcu.externaltools.arm-none.win32_1.15.0.201708311556/tools/compiler/bin/../lib/gcc/arm-none-eabi/6.3.1/../../../../arm-none-eabi/lib/thumb/v7e-m/fpv4-sp/hard\libc_nano.a
LOAD d:/telepitett/systemworkbench/plugins/fr.ac6.mcu.externaltools.arm-none.win32_1.15.0.201708311556/tools/compiler/bin/../lib/gcc/arm-none-eabi/6.3.1/../../../../arm-none-eabi/lib/thumb/v7e-m/fpv4-sp/hard\libnosys.a
END GROUP
LOAD d:/telepitett/systemworkbench/plugins/fr.ac6.mcu.externaltools.arm-none.win32_1.15.0.201708311556/tools/compiler/bin/../lib/gcc/arm-none-eabi/6.3.1/thumb/v7e-m/fpv4-sp/hard/crtend.o
LOAD d:/telepitett/systemworkbench/plugins/fr.ac6.mcu.externaltools.arm-none.win32_1.15.0.201708311556/tools/compiler/bin/../lib/gcc/arm-none-eabi/6.3.1/thumb/v7e-m/fpv4-sp/hard/crtn.o
                0x20020000                _estack = 0x20020000
                0x00000200                _Min_Heap_Size = 0x200
                0x00000400                _Min_Stack_Size = 0x400

.isr_vector     0x08000000      0x188
                0x08000000                . = ALIGN (0x4)
 *(.isr_vector)
 .isr_vector    0x08000000      0x188 startup/startup_stm32f405xx.o
                0x08000000                g_pfnVectors
                0x08000188                . = ALIGN (0x4)

.text           0x08000188     0x2a70
                0x08000188                . = ALIGN (0x4)
 *(.text)
 .text          0x08000188       0x6c d:/telepitett/systemworkbench/plugins/fr.ac6.mcu.externaltools.arm-none.win32_1.15.0.201708311556/tools/compiler/bin/../lib/gcc/arm-none-eabi/6.3.1/thumb/v7e-m/fpv4-sp/hard/crtbegin.o
 .text          0x080001f4       0x30 d:/telepitett/systemworkbench/plugins/fr.ac6.mcu.externaltools.arm-none.win32_1.15.0.201708311556/tools/compiler/bin/../lib/gcc/arm-none-eabi/6.3.1/thumb/v7e-m/fpv4-sp/hard\libgcc.a(_aeabi_uldivmod.o)
                0x080001f4                __aeabi_uldivmod
 .text          0x08000224      0x2dc d:/telepitett/systemworkbench/plugins/fr.ac6.mcu.externaltools.arm-none.win32_1.15.0.201708311556/tools/compiler/bin/../lib/gcc/arm-none-eabi/6.3.1/thumb/v7e-m/fpv4-sp/hard\libgcc.a(_udivmoddi4.o)
                0x08000224                __udivmoddi4
 .text          0x08000500        0x4 d:/telepitett/systemworkbench/plugins/fr.ac6.mcu.externaltools.arm-none.win32_1.15.0.201708311556/tools/compiler/bin/../lib/gcc/arm-none-eabi/6.3.1/thumb/v7e-m/fpv4-sp/hard\libgcc.a(_dvmd_tls.o)
                0x08000500                __aeabi_idiv0
                0x08000500                __aeabi_ldiv0
 *(.text*)
 .text.HAL_InitTick
                0x08000504       0x48 Drivers/STM32F4xx_HAL_Driver/Src/stm32f4xx_hal.o
                0x08000504                HAL_InitTick
 .text.HAL_Init
                0x0800054c       0x34 Drivers/STM32F4xx_HAL_Driver/Src/stm32f4xx_hal.o
                0x0800054c                HAL_Init
 .text.HAL_IncTick
                0x08000580       0x18 Drivers/STM32F4xx_HAL_Driver/Src/stm32f4xx_hal.o
                0x08000580                HAL_IncTick
 .text.HAL_GetTick
                0x08000598        0xc Drivers/STM32F4xx_HAL_Driver/Src/stm32f4xx_hal.o
                0x08000598                HAL_GetTick
 .text.ADC_Init
                0x080005a4      0x134 Drivers/STM32F4xx_HAL_Driver/Src/stm32f4xx_hal_adc.o
 .text.HAL_ADC_Init
                0x080006d8       0x56 Drivers/STM32F4xx_HAL_Driver/Src/stm32f4xx_hal_adc.o
                0x080006d8                HAL_ADC_Init
 *fill*         0x0800072e        0x2 
 .text.HAL_ADC_ConfigChannel
                0x08000730      0x190 Drivers/STM32F4xx_HAL_Driver/Src/stm32f4xx_hal_adc.o
                0x08000730                HAL_ADC_ConfigChannel
 .text.HAL_NVIC_SetPriorityGrouping
                0x080008c0       0x24 Drivers/STM32F4xx_HAL_Driver/Src/stm32f4xx_hal_cortex.o
                0x080008c0                HAL_NVIC_SetPriorityGrouping
 .text.HAL_NVIC_SetPriority
                0x080008e4       0x64 Drivers/STM32F4xx_HAL_Driver/Src/stm32f4xx_hal_cortex.o
                0x080008e4                HAL_NVIC_SetPriority
 .text.HAL_NVIC_EnableIRQ
                0x08000948       0x1c Drivers/STM32F4xx_HAL_Driver/Src/stm32f4xx_hal_cortex.o
                0x08000948                HAL_NVIC_EnableIRQ
 .text.HAL_SYSTICK_Config
                0x08000964       0x2c Drivers/STM32F4xx_HAL_Driver/Src/stm32f4xx_hal_cortex.o
                0x08000964                HAL_SYSTICK_Config
 .text.DMA_SetConfig
                0x08000990       0x2c Drivers/STM32F4xx_HAL_Driver/Src/stm32f4xx_hal_dma.o
 .text.DMA_CalcBaseAndBitshift
                0x080009bc       0x3c Drivers/STM32F4xx_HAL_Driver/Src/stm32f4xx_hal_dma.o
 .text.DMA_CheckFifoParam
                0x080009f8       0x8e Drivers/STM32F4xx_HAL_Driver/Src/stm32f4xx_hal_dma.o
 *fill*         0x08000a86        0x2 
 .text.HAL_DMA_Init
                0x08000a88       0xd0 Drivers/STM32F4xx_HAL_Driver/Src/stm32f4xx_hal_dma.o
                0x08000a88                HAL_DMA_Init
 .text.HAL_DMA_Start_IT
                0x08000b58       0x6a Drivers/STM32F4xx_HAL_Driver/Src/stm32f4xx_hal_dma.o
                0x08000b58                HAL_DMA_Start_IT
 .text.HAL_DMA_Abort
                0x08000bc2       0x94 Drivers/STM32F4xx_HAL_Driver/Src/stm32f4xx_hal_dma.o
                0x08000bc2                HAL_DMA_Abort
 *fill*         0x08000c56        0x2 
 .text.HAL_DMA_IRQHandler
                0x08000c58      0x1dc Drivers/STM32F4xx_HAL_Driver/Src/stm32f4xx_hal_dma.o
                0x08000c58                HAL_DMA_IRQHandler
 .text.HAL_GPIO_Init
                0x08000e34      0x1dc Drivers/STM32F4xx_HAL_Driver/Src/stm32f4xx_hal_gpio.o
                0x08000e34                HAL_GPIO_Init
 .text.HAL_I2C_Init
                0x08001010      0x1b4 Drivers/STM32F4xx_HAL_Driver/Src/stm32f4xx_hal_i2c.o
                0x08001010                HAL_I2C_Init
 .text.HAL_RCC_OscConfig
                0x080011c4      0x3ec Drivers/STM32F4xx_HAL_Driver/Src/stm32f4xx_hal_rcc.o
                0x080011c4                HAL_RCC_OscConfig
 .text.HAL_RCC_GetSysClockFreq
                0x080015b0       0xa4 Drivers/STM32F4xx_HAL_Driver/Src/stm32f4xx_hal_rcc.o
                0x080015b0                HAL_RCC_GetSysClockFreq
 .text.HAL_RCC_ClockConfig
                0x08001654      0x160 Drivers/STM32F4xx_HAL_Driver/Src/stm32f4xx_hal_rcc.o
                0x08001654                HAL_RCC_ClockConfig
 .text.HAL_RCC_GetHCLKFreq
                0x080017b4        0xc Drivers/STM32F4xx_HAL_Driver/Src/stm32f4xx_hal_rcc.o
                0x080017b4                HAL_RCC_GetHCLKFreq
 .text.HAL_RCC_GetPCLK1Freq
                0x080017c0       0x20 Drivers/STM32F4xx_HAL_Driver/Src/stm32f4xx_hal_rcc.o
                0x080017c0                HAL_RCC_GetPCLK1Freq
 .text.HAL_RCC_GetPCLK2Freq
                0x080017e0       0x20 Drivers/STM32F4xx_HAL_Driver/Src/stm32f4xx_hal_rcc.o
                0x080017e0                HAL_RCC_GetPCLK2Freq
 .text.TIM_OC1_SetConfig
                0x08001800       0x6c Drivers/STM32F4xx_HAL_Driver/Src/stm32f4xx_hal_tim.o
 .text.TIM_OC3_SetConfig
                0x0800186c       0x74 Drivers/STM32F4xx_HAL_Driver/Src/stm32f4xx_hal_tim.o
 .text.TIM_OC4_SetConfig
                0x080018e0       0x50 Drivers/STM32F4xx_HAL_Driver/Src/stm32f4xx_hal_tim.o
 .text.TIM_Base_SetConfig
                0x08001930       0xcc Drivers/STM32F4xx_HAL_Driver/Src/stm32f4xx_hal_tim.o
                0x08001930                TIM_Base_SetConfig
 .text.HAL_TIM_PWM_Init
                0x080019fc       0x32 Drivers/STM32F4xx_HAL_Driver/Src/stm32f4xx_hal_tim.o
                0x080019fc                HAL_TIM_PWM_Init
 *fill*         0x08001a2e        0x2 
 .text.TIM_OC2_SetConfig
                0x08001a30       0x74 Drivers/STM32F4xx_HAL_Driver/Src/stm32f4xx_hal_tim.o
                0x08001a30                TIM_OC2_SetConfig
 .text.HAL_TIM_PWM_ConfigChannel
                0x08001aa4       0xdc Drivers/STM32F4xx_HAL_Driver/Src/stm32f4xx_hal_tim.o
                0x08001aa4                HAL_TIM_PWM_ConfigChannel
 .text.HAL_TIMEx_MasterConfigSynchronization
                0x08001b80       0x88 Drivers/STM32F4xx_HAL_Driver/Src/stm32f4xx_hal_tim_ex.o
                0x08001b80                HAL_TIMEx_MasterConfigSynchronization
 .text.HAL_TIMEx_ConfigBreakDeadTime
                0x08001c08       0x52 Drivers/STM32F4xx_HAL_Driver/Src/stm32f4xx_hal_tim_ex.o
                0x08001c08                HAL_TIMEx_ConfigBreakDeadTime
 .text.UART_EndTxTransfer
                0x08001c5a       0x12 Drivers/STM32F4xx_HAL_Driver/Src/stm32f4xx_hal_uart.o
 .text.UART_EndRxTransfer
                0x08001c6c       0x1c Drivers/STM32F4xx_HAL_Driver/Src/stm32f4xx_hal_uart.o
 .text.UART_SetConfig
                0x08001c88      0x1d4 Drivers/STM32F4xx_HAL_Driver/Src/stm32f4xx_hal_uart.o
 .text.HAL_UART_Init
                0x08001e5c       0x5e Drivers/STM32F4xx_HAL_Driver/Src/stm32f4xx_hal_uart.o
                0x08001e5c                HAL_UART_Init
 *fill*         0x08001eba        0x2 
 .text.HAL_UART_Transmit_DMA
                0x08001ebc       0x8c Drivers/STM32F4xx_HAL_Driver/Src/stm32f4xx_hal_uart.o
                0x08001ebc                HAL_UART_Transmit_DMA
 .text.HAL_UART_Receive_DMA
                0x08001f48       0xa8 Drivers/STM32F4xx_HAL_Driver/Src/stm32f4xx_hal_uart.o
                0x08001f48                HAL_UART_Receive_DMA
 .text.HAL_UART_DMAPause
                0x08001ff0       0x70 Drivers/STM32F4xx_HAL_Driver/Src/stm32f4xx_hal_uart.o
                0x08001ff0                HAL_UART_DMAPause
 .text.HAL_UART_DMAResume
                0x08002060       0x76 Drivers/STM32F4xx_HAL_Driver/Src/stm32f4xx_hal_uart.o
                0x08002060                HAL_UART_DMAResume
 .text.HAL_UART_DMAStop
                0x080020d6       0x64 Drivers/STM32F4xx_HAL_Driver/Src/stm32f4xx_hal_uart.o
                0x080020d6                HAL_UART_DMAStop
 .text.HAL_UART_TxCpltCallback
                0x0800213a        0x2 Drivers/STM32F4xx_HAL_Driver/Src/stm32f4xx_hal_uart.o
                0x0800213a                HAL_UART_TxCpltCallback
 .text.UART_DMATransmitCplt
                0x0800213c       0x30 Drivers/STM32F4xx_HAL_Driver/Src/stm32f4xx_hal_uart.o
 .text.HAL_UART_TxHalfCpltCallback
                0x0800216c        0x2 Drivers/STM32F4xx_HAL_Driver/Src/stm32f4xx_hal_uart.o
                0x0800216c                HAL_UART_TxHalfCpltCallback
 .text.UART_DMATxHalfCplt
                0x0800216e        0xa Drivers/STM32F4xx_HAL_Driver/Src/stm32f4xx_hal_uart.o
 .text.HAL_UART_RxCpltCallback
                0x08002178        0x2 Drivers/STM32F4xx_HAL_Driver/Src/stm32f4xx_hal_uart.o
                0x08002178                HAL_UART_RxCpltCallback
 .text.UART_DMAReceiveCplt
                0x0800217a       0x3e Drivers/STM32F4xx_HAL_Driver/Src/stm32f4xx_hal_uart.o
 .text.HAL_UART_RxHalfCpltCallback
                0x080021b8        0x2 Drivers/STM32F4xx_HAL_Driver/Src/stm32f4xx_hal_uart.o
                0x080021b8                HAL_UART_RxHalfCpltCallback
 .text.UART_DMARxHalfCplt
                0x080021ba        0xa Drivers/STM32F4xx_HAL_Driver/Src/stm32f4xx_hal_uart.o
 .text.HAL_UART_ErrorCallback
                0x080021c4        0x2 Drivers/STM32F4xx_HAL_Driver/Src/stm32f4xx_hal_uart.o
                0x080021c4                HAL_UART_ErrorCallback
 .text.UART_DMAError
                0x080021c6       0x58 Drivers/STM32F4xx_HAL_Driver/Src/stm32f4xx_hal_uart.o
 .text._ZN3I2CI19__I2C_HandleTypeDefEC2EPS0_
                0x0800221e        0x4 Src/I2C.o
                0x0800221e                I2C<__I2C_HandleTypeDef>::I2C(__I2C_HandleTypeDef*)
                0x0800221e                I2C<__I2C_HandleTypeDef>::I2C(__I2C_HandleTypeDef*)
 .text._ZN7uartDMAI20__UART_HandleTypeDefEC2EPS0_
                0x08002222       0x22 Src/UART.o
                0x08002222                uartDMA<__UART_HandleTypeDef>::uartDMA(__UART_HandleTypeDef*)
                0x08002222                uartDMA<__UART_HandleTypeDef>::uartDMA(__UART_HandleTypeDef*)
 .text._ZN7uartDMAI20__UART_HandleTypeDefE4SendEPht
                0x08002244       0x12 Src/UART.o
                0x08002244                uartDMA<__UART_HandleTypeDef>::Send(unsigned char*, unsigned short)
 .text._ZN7uartDMAI20__UART_HandleTypeDefE15uartHandleFLagsEv
                0x08002256       0x16 Src/UART.o
                0x08002256                uartDMA<__UART_HandleTypeDef>::uartHandleFLags()
 .text._ZN7uartDMAI20__UART_HandleTypeDefE11clearBufferEv
                0x0800226c       0x10 Src/UART.o
                0x0800226c                uartDMA<__UART_HandleTypeDef>::clearBuffer()
 .text._ZN7uartDMAI20__UART_HandleTypeDefE10copyBufferEPht
                0x0800227c       0x60 Src/UART.o
                0x0800227c                uartDMA<__UART_HandleTypeDef>::copyBuffer(unsigned char*, unsigned short)
 .text._ZL12MX_GPIO_Initv
                0x080022dc       0x38 Src/main.o
 .text._ZL11MX_DMA_Initv
                0x08002314       0x44 Src/main.o
 .text._ZL12MX_I2C1_Initv
                0x08002358       0x34 Src/main.o
 .text._ZL19MX_USART1_UART_Initv
                0x0800238c       0x30 Src/main.o
 .text._ZL12MX_ADC1_Initv
                0x080023bc       0x7c Src/main.o
 .text._ZL12MX_TIM1_Initv
                0x08002438       0x9c Src/main.o
 .text._Z18SystemClock_Configv
                0x080024d4       0x7c Src/main.o
                0x080024d4                SystemClock_Config()
 .text.main     0x08002550       0x78 Src/main.o
                0x08002550                main
 .text.userUARTInterruptHandler
                0x080025c8       0x18 Src/main.o
                0x080025c8                userUARTInterruptHandler
 .text.Error_Handler
                0x080025e0        0x2 Src/main.o
                0x080025e0                Error_Handler
 *fill*         0x080025e2        0x2 
 .text.HAL_MspInit
                0x080025e4       0x38 Src/stm32f4xx_hal_msp.o
                0x080025e4                HAL_MspInit
 .text.HAL_ADC_MspInit
                0x0800261c       0x68 Src/stm32f4xx_hal_msp.o
                0x0800261c                HAL_ADC_MspInit
 .text.HAL_I2C_MspInit
                0x08002684       0x74 Src/stm32f4xx_hal_msp.o
                0x08002684                HAL_I2C_MspInit
 .text.HAL_TIM_PWM_MspInit
                0x080026f8       0x30 Src/stm32f4xx_hal_msp.o
                0x080026f8                HAL_TIM_PWM_MspInit
 .text.HAL_TIM_MspPostInit
                0x08002728       0x5c Src/stm32f4xx_hal_msp.o
                0x08002728                HAL_TIM_MspPostInit
 .text.HAL_UART_MspInit
                0x08002784       0xfc Src/stm32f4xx_hal_msp.o
                0x08002784                HAL_UART_MspInit
 .text.NMI_Handler
                0x08002880        0x2 Src/stm32f4xx_it.o
                0x08002880                NMI_Handler
 .text.HardFault_Handler
                0x08002882        0x2 Src/stm32f4xx_it.o
                0x08002882                HardFault_Handler
 .text.MemManage_Handler
                0x08002884        0x2 Src/stm32f4xx_it.o
                0x08002884                MemManage_Handler
 .text.BusFault_Handler
                0x08002886        0x2 Src/stm32f4xx_it.o
                0x08002886                BusFault_Handler
 .text.UsageFault_Handler
                0x08002888        0x2 Src/stm32f4xx_it.o
                0x08002888                UsageFault_Handler
 .text.SVC_Handler
                0x0800288a        0x2 Src/stm32f4xx_it.o
                0x0800288a                SVC_Handler
 .text.DebugMon_Handler
                0x0800288c        0x2 Src/stm32f4xx_it.o
                0x0800288c                DebugMon_Handler
 .text.PendSV_Handler
                0x0800288e        0x2 Src/stm32f4xx_it.o
                0x0800288e                PendSV_Handler
 .text.SysTick_Handler
                0x08002890        0x8 Src/stm32f4xx_it.o
                0x08002890                SysTick_Handler
 .text.USART1_IRQHandler
                0x08002898        0x8 Src/stm32f4xx_it.o
                0x08002898                USART1_IRQHandler
 .text.DMA2_Stream2_IRQHandler
                0x080028a0       0x10 Src/stm32f4xx_it.o
                0x080028a0                DMA2_Stream2_IRQHandler
 .text.DMA2_Stream7_IRQHandler
                0x080028b0       0x10 Src/stm32f4xx_it.o
                0x080028b0                DMA2_Stream7_IRQHandler
 .text._getpid  0x080028c0        0x4 Src/syscalls.o
                0x080028c0                _getpid
 .text._kill    0x080028c4       0x10 Src/syscalls.o
                0x080028c4                _kill
 .text._exit    0x080028d4        0xc Src/syscalls.o
                0x080028d4                _exit
 .text._sbrk    0x080028e0       0x3c Src/syscalls.o
                0x080028e0                _sbrk
 .text.SystemInit
                0x0800291c       0x1c Src/system_stm32f4xx.o
                0x0800291c                SystemInit
 .text.Reset_Handler
                0x08002938       0x50 startup/startup_stm32f405xx.o
                0x08002938                Reset_Handler
 .text.Default_Handler
                0x08002988        0x2 startup/startup_stm32f405xx.o
                0x08002988                RTC_Alarm_IRQHandler
                0x08002988                HASH_RNG_IRQHandler
                0x08002988                EXTI2_IRQHandler
                0x08002988                TIM8_CC_IRQHandler
                0x08002988                TIM1_CC_IRQHandler
                0x08002988                DMA2_Stream5_IRQHandler
                0x08002988                DMA1_Stream5_IRQHandler
                0x08002988                PVD_IRQHandler
                0x08002988                SDIO_IRQHandler
                0x08002988                TAMP_STAMP_IRQHandler
                0x08002988                CAN2_RX1_IRQHandler
                0x08002988                EXTI3_IRQHandler
                0x08002988                TIM8_TRG_COM_TIM14_IRQHandler
                0x08002988                TIM1_UP_TIM10_IRQHandler
                0x08002988                TIM8_UP_TIM13_IRQHandler
                0x08002988                I2C3_ER_IRQHandler
                0x08002988                EXTI0_IRQHandler
                0x08002988                I2C2_EV_IRQHandler
                0x08002988                DMA1_Stream2_IRQHandler
                0x08002988                CAN1_RX0_IRQHandler
                0x08002988                FPU_IRQHandler
                0x08002988                OTG_HS_WKUP_IRQHandler
                0x08002988                CAN2_SCE_IRQHandler
                0x08002988                SPI1_IRQHandler
                0x08002988                TIM6_DAC_IRQHandler
                0x08002988                TIM1_BRK_TIM9_IRQHandler
                0x08002988                CAN2_RX0_IRQHandler
                0x08002988                DMA2_Stream3_IRQHandler
                0x08002988                USART6_IRQHandler
                0x08002988                USART3_IRQHandler
                0x08002988                CAN1_RX1_IRQHandler
                0x08002988                UART5_IRQHandler
                0x08002988                DMA2_Stream0_IRQHandler
                0x08002988                TIM4_IRQHandler
                0x08002988                I2C1_EV_IRQHandler
                0x08002988                DMA1_Stream6_IRQHandler
                0x08002988                DMA1_Stream1_IRQHandler
                0x08002988                UART4_IRQHandler
                0x08002988                TIM3_IRQHandler
                0x08002988                RCC_IRQHandler
                0x08002988                TIM8_BRK_TIM12_IRQHandler
                0x08002988                Default_Handler
                0x08002988                EXTI15_10_IRQHandler
                0x08002988                ADC_IRQHandler
                0x08002988                DMA1_Stream7_IRQHandler
                0x08002988                TIM7_IRQHandler
                0x08002988                CAN2_TX_IRQHandler
                0x08002988                TIM5_IRQHandler
                0x08002988                I2C3_EV_IRQHandler
                0x08002988                EXTI9_5_IRQHandler
                0x08002988                RTC_WKUP_IRQHandler
                0x08002988                SPI2_IRQHandler
                0x08002988                OTG_HS_EP1_IN_IRQHandler
                0x08002988                DMA1_Stream0_IRQHandler
                0x08002988                CAN1_TX_IRQHandler
                0x08002988                EXTI4_IRQHandler
                0x08002988                FSMC_IRQHandler
                0x08002988                OTG_HS_EP1_OUT_IRQHandler
                0x08002988                WWDG_IRQHandler
                0x08002988                TIM2_IRQHandler
                0x08002988                OTG_FS_WKUP_IRQHandler
                0x08002988                TIM1_TRG_COM_TIM11_IRQHandler
                0x08002988                OTG_HS_IRQHandler
                0x08002988                EXTI1_IRQHandler
                0x08002988                USART2_IRQHandler
                0x08002988                I2C2_ER_IRQHandler
                0x08002988                DMA2_Stream1_IRQHandler
                0x08002988                CAN1_SCE_IRQHandler
                0x08002988                FLASH_IRQHandler
                0x08002988                DMA2_Stream4_IRQHandler
                0x08002988                OTG_FS_IRQHandler
                0x08002988                SPI3_IRQHandler
                0x08002988                DMA1_Stream4_IRQHandler
                0x08002988                I2C1_ER_IRQHandler
                0x08002988                DMA2_Stream6_IRQHandler
                0x08002988                DMA1_Stream3_IRQHandler
 .text._Znwj    0x0800298a       0x22 d:/telepitett/systemworkbench/plugins/fr.ac6.mcu.externaltools.arm-none.win32_1.15.0.201708311556/tools/compiler/bin/../lib/gcc/arm-none-eabi/6.3.1/../../../../arm-none-eabi/lib/thumb/v7e-m/fpv4-sp/hard\libstdc++_nano.a(new_op.o)
                0x0800298a                operator new(unsigned int)
 .text._ZSt15get_new_handlerv
                0x080029ac       0x10 d:/telepitett/systemworkbench/plugins/fr.ac6.mcu.externaltools.arm-none.win32_1.15.0.201708311556/tools/compiler/bin/../lib/gcc/arm-none-eabi/6.3.1/../../../../arm-none-eabi/lib/thumb/v7e-m/fpv4-sp/hard\libstdc++_nano.a(new_handler.o)
                0x080029ac                std::get_new_handler()
 .text.abort    0x080029bc        0xe d:/telepitett/systemworkbench/plugins/fr.ac6.mcu.externaltools.arm-none.win32_1.15.0.201708311556/tools/compiler/bin/../lib/gcc/arm-none-eabi/6.3.1/../../../../arm-none-eabi/lib/thumb/v7e-m/fpv4-sp/hard\libc_nano.a(lib_a-abort.o)
                0x080029bc                abort
 *fill*         0x080029ca        0x2 
 .text.__errno  0x080029cc        0xc d:/telepitett/systemworkbench/plugins/fr.ac6.mcu.externaltools.arm-none.win32_1.15.0.201708311556/tools/compiler/bin/../lib/gcc/arm-none-eabi/6.3.1/../../../../arm-none-eabi/lib/thumb/v7e-m/fpv4-sp/hard\libc_nano.a(lib_a-errno.o)
                0x080029cc                __errno
 .text.__libc_init_array
                0x080029d8       0x48 d:/telepitett/systemworkbench/plugins/fr.ac6.mcu.externaltools.arm-none.win32_1.15.0.201708311556/tools/compiler/bin/../lib/gcc/arm-none-eabi/6.3.1/../../../../arm-none-eabi/lib/thumb/v7e-m/fpv4-sp/hard\libc_nano.a(lib_a-init.o)
                0x080029d8                __libc_init_array
 .text.malloc   0x08002a20       0x10 d:/telepitett/systemworkbench/plugins/fr.ac6.mcu.externaltools.arm-none.win32_1.15.0.201708311556/tools/compiler/bin/../lib/gcc/arm-none-eabi/6.3.1/../../../../arm-none-eabi/lib/thumb/v7e-m/fpv4-sp/hard\libc_nano.a(lib_a-malloc.o)
                0x08002a20                malloc
 .text.memset   0x08002a30       0x10 d:/telepitett/systemworkbench/plugins/fr.ac6.mcu.externaltools.arm-none.win32_1.15.0.201708311556/tools/compiler/bin/../lib/gcc/arm-none-eabi/6.3.1/../../../../arm-none-eabi/lib/thumb/v7e-m/fpv4-sp/hard\libc_nano.a(lib_a-memset.o)
                0x08002a30                memset
 .text._malloc_r
                0x08002a40       0xbc d:/telepitett/systemworkbench/plugins/fr.ac6.mcu.externaltools.arm-none.win32_1.15.0.201708311556/tools/compiler/bin/../lib/gcc/arm-none-eabi/6.3.1/../../../../arm-none-eabi/lib/thumb/v7e-m/fpv4-sp/hard\libc_nano.a(lib_a-nano-mallocr.o)
                0x08002a40                _malloc_r
 .text._sbrk_r  0x08002afc       0x20 d:/telepitett/systemworkbench/plugins/fr.ac6.mcu.externaltools.arm-none.win32_1.15.0.201708311556/tools/compiler/bin/../lib/gcc/arm-none-eabi/6.3.1/../../../../arm-none-eabi/lib/thumb/v7e-m/fpv4-sp/hard\libc_nano.a(lib_a-sbrkr.o)
                0x08002afc                _sbrk_r
 .text._raise_r
                0x08002b1c       0x50 d:/telepitett/systemworkbench/plugins/fr.ac6.mcu.externaltools.arm-none.win32_1.15.0.201708311556/tools/compiler/bin/../lib/gcc/arm-none-eabi/6.3.1/../../../../arm-none-eabi/lib/thumb/v7e-m/fpv4-sp/hard\libc_nano.a(lib_a-signal.o)
                0x08002b1c                _raise_r
 .text.raise    0x08002b6c       0x10 d:/telepitett/systemworkbench/plugins/fr.ac6.mcu.externaltools.arm-none.win32_1.15.0.201708311556/tools/compiler/bin/../lib/gcc/arm-none-eabi/6.3.1/../../../../arm-none-eabi/lib/thumb/v7e-m/fpv4-sp/hard\libc_nano.a(lib_a-signal.o)
                0x08002b6c                raise
 .text._kill_r  0x08002b7c       0x24 d:/telepitett/systemworkbench/plugins/fr.ac6.mcu.externaltools.arm-none.win32_1.15.0.201708311556/tools/compiler/bin/../lib/gcc/arm-none-eabi/6.3.1/../../../../arm-none-eabi/lib/thumb/v7e-m/fpv4-sp/hard\libc_nano.a(lib_a-signalr.o)
                0x08002b7c                _kill_r
 .text._getpid_r
                0x08002ba0        0x4 d:/telepitett/systemworkbench/plugins/fr.ac6.mcu.externaltools.arm-none.win32_1.15.0.201708311556/tools/compiler/bin/../lib/gcc/arm-none-eabi/6.3.1/../../../../arm-none-eabi/lib/thumb/v7e-m/fpv4-sp/hard\libc_nano.a(lib_a-signalr.o)
                0x08002ba0                _getpid_r
 .text.strstr   0x08002ba4       0x36 d:/telepitett/systemworkbench/plugins/fr.ac6.mcu.externaltools.arm-none.win32_1.15.0.201708311556/tools/compiler/bin/../lib/gcc/arm-none-eabi/6.3.1/../../../../arm-none-eabi/lib/thumb/v7e-m/fpv4-sp/hard\libc_nano.a(lib_a-strstr.o)
                0x08002ba4                strstr
 .text.__malloc_lock
                0x08002bda        0x2 d:/telepitett/systemworkbench/plugins/fr.ac6.mcu.externaltools.arm-none.win32_1.15.0.201708311556/tools/compiler/bin/../lib/gcc/arm-none-eabi/6.3.1/../../../../arm-none-eabi/lib/thumb/v7e-m/fpv4-sp/hard\libc_nano.a(lib_a-mlock.o)
                0x08002bda                __malloc_lock
 .text.__malloc_unlock
                0x08002bdc        0x2 d:/telepitett/systemworkbench/plugins/fr.ac6.mcu.externaltools.arm-none.win32_1.15.0.201708311556/tools/compiler/bin/../lib/gcc/arm-none-eabi/6.3.1/../../../../arm-none-eabi/lib/thumb/v7e-m/fpv4-sp/hard\libc_nano.a(lib_a-mlock.o)
                0x08002bdc                __malloc_unlock
 *(.glue_7)
 .glue_7        0x08002bde        0x0 linker stubs
 *(.glue_7t)
 .glue_7t       0x08002bde        0x0 linker stubs
 *(.eh_frame)
 *fill*         0x08002bde        0x2 
 .eh_frame      0x08002be0        0x0 d:/telepitett/systemworkbench/plugins/fr.ac6.mcu.externaltools.arm-none.win32_1.15.0.201708311556/tools/compiler/bin/../lib/gcc/arm-none-eabi/6.3.1/thumb/v7e-m/fpv4-sp/hard/crtbegin.o
 *(.init)
 .init          0x08002be0        0x4 d:/telepitett/systemworkbench/plugins/fr.ac6.mcu.externaltools.arm-none.win32_1.15.0.201708311556/tools/compiler/bin/../lib/gcc/arm-none-eabi/6.3.1/thumb/v7e-m/fpv4-sp/hard/crti.o
                0x08002be0                _init
 .init          0x08002be4        0x8 d:/telepitett/systemworkbench/plugins/fr.ac6.mcu.externaltools.arm-none.win32_1.15.0.201708311556/tools/compiler/bin/../lib/gcc/arm-none-eabi/6.3.1/thumb/v7e-m/fpv4-sp/hard/crtn.o
 *(.fini)
 .fini          0x08002bec        0x4 d:/telepitett/systemworkbench/plugins/fr.ac6.mcu.externaltools.arm-none.win32_1.15.0.201708311556/tools/compiler/bin/../lib/gcc/arm-none-eabi/6.3.1/thumb/v7e-m/fpv4-sp/hard/crti.o
                0x08002bec                _fini
 .fini          0x08002bf0        0x8 d:/telepitett/systemworkbench/plugins/fr.ac6.mcu.externaltools.arm-none.win32_1.15.0.201708311556/tools/compiler/bin/../lib/gcc/arm-none-eabi/6.3.1/thumb/v7e-m/fpv4-sp/hard/crtn.o
                0x08002bf8                . = ALIGN (0x4)
                0x08002bf8                _etext = .

.vfp11_veneer   0x08002bf8        0x0
 .vfp11_veneer  0x08002bf8        0x0 linker stubs

.v4_bx          0x08002bf8        0x0
 .v4_bx         0x08002bf8        0x0 linker stubs

.iplt           0x08002bf8        0x0
 .iplt          0x08002bf8        0x0 d:/telepitett/systemworkbench/plugins/fr.ac6.mcu.externaltools.arm-none.win32_1.15.0.201708311556/tools/compiler/bin/../lib/gcc/arm-none-eabi/6.3.1/thumb/v7e-m/fpv4-sp/hard/crtbegin.o

.rodata         0x08002bf8       0x30
                0x08002bf8                . = ALIGN (0x4)
 *(.rodata)
 .rodata        0x08002bf8        0x8 Drivers/STM32F4xx_HAL_Driver/Src/stm32f4xx_hal_dma.o
 .rodata        0x08002c00       0x18 Src/system_stm32f4xx.o
                0x08002c00                AHBPrescTable
                0x08002c10                APBPrescTable
 *(.rodata*)
 .rodata.str1.4
                0x08002c18       0x10 Src/main.o
                0x08002c28                . = ALIGN (0x4)

.ARM.extab
 *(.ARM.extab* .gnu.linkonce.armextab.*)

.ARM            0x08002c28        0x8
                0x08002c28                __exidx_start = .
 *(.ARM.exidx*)
 .ARM.exidx     0x08002c28        0x8 d:/telepitett/systemworkbench/plugins/fr.ac6.mcu.externaltools.arm-none.win32_1.15.0.201708311556/tools/compiler/bin/../lib/gcc/arm-none-eabi/6.3.1/thumb/v7e-m/fpv4-sp/hard\libgcc.a(_udivmoddi4.o)
                0x08002c30                __exidx_end = .

.rel.dyn        0x08002c30        0x0
 .rel.iplt      0x08002c30        0x0 d:/telepitett/systemworkbench/plugins/fr.ac6.mcu.externaltools.arm-none.win32_1.15.0.201708311556/tools/compiler/bin/../lib/gcc/arm-none-eabi/6.3.1/thumb/v7e-m/fpv4-sp/hard/crtbegin.o

.preinit_array  0x08002c30        0x0
                0x08002c30                PROVIDE (__preinit_array_start, .)
 *(.preinit_array*)
                0x08002c30                PROVIDE (__preinit_array_end, .)

.init_array     0x08002c30        0x4
                0x08002c30                PROVIDE (__init_array_start, .)
 *(SORT(.init_array.*))
 *(.init_array*)
 .init_array    0x08002c30        0x4 d:/telepitett/systemworkbench/plugins/fr.ac6.mcu.externaltools.arm-none.win32_1.15.0.201708311556/tools/compiler/bin/../lib/gcc/arm-none-eabi/6.3.1/thumb/v7e-m/fpv4-sp/hard/crtbegin.o
                0x08002c34                PROVIDE (__init_array_end, .)

.fini_array     0x08002c34        0x4
                [!provide]                PROVIDE (__fini_array_start, .)
 *(SORT(.fini_array.*))
 *(.fini_array*)
 .fini_array    0x08002c34        0x4 d:/telepitett/systemworkbench/plugins/fr.ac6.mcu.externaltools.arm-none.win32_1.15.0.201708311556/tools/compiler/bin/../lib/gcc/arm-none-eabi/6.3.1/thumb/v7e-m/fpv4-sp/hard/crtbegin.o
                [!provide]                PROVIDE (__fini_array_end, .)
                0x08002c38                _sidata = LOADADDR (.data)

.data           0x20000000       0x70 load address 0x08002c38
                0x20000000                . = ALIGN (0x4)
                0x20000000                _sdata = .
 *(.data)
 .data          0x20000000        0x8 Drivers/STM32F4xx_HAL_Driver/Src/stm32f4xx_hal.o
                0x20000000                uwTickFreq
                0x20000004                uwTickPrio
 .data          0x20000008        0x4 Src/system_stm32f4xx.o
                0x20000008                SystemCoreClock
 *(.data*)
 .data._impure_ptr
                0x2000000c        0x4 d:/telepitett/systemworkbench/plugins/fr.ac6.mcu.externaltools.arm-none.win32_1.15.0.201708311556/tools/compiler/bin/../lib/gcc/arm-none-eabi/6.3.1/../../../../arm-none-eabi/lib/thumb/v7e-m/fpv4-sp/hard\libc_nano.a(lib_a-impure.o)
                0x2000000c                _impure_ptr
 .data.impure_data
                0x20000010       0x60 d:/telepitett/systemworkbench/plugins/fr.ac6.mcu.externaltools.arm-none.win32_1.15.0.201708311556/tools/compiler/bin/../lib/gcc/arm-none-eabi/6.3.1/../../../../arm-none-eabi/lib/thumb/v7e-m/fpv4-sp/hard\libc_nano.a(lib_a-impure.o)
                0x20000070                . = ALIGN (0x4)
                0x20000070                _edata = .
                0x08002ca8                _siccmram = LOADADDR (.ccmram)

.jcr            0x20000070        0x0 load address 0x08002ca8
 .jcr           0x20000070        0x0 d:/telepitett/systemworkbench/plugins/fr.ac6.mcu.externaltools.arm-none.win32_1.15.0.201708311556/tools/compiler/bin/../lib/gcc/arm-none-eabi/6.3.1/thumb/v7e-m/fpv4-sp/hard/crtbegin.o

.igot.plt       0x20000070        0x0 load address 0x08002ca8
 .igot.plt      0x20000070        0x0 d:/telepitett/systemworkbench/plugins/fr.ac6.mcu.externaltools.arm-none.win32_1.15.0.201708311556/tools/compiler/bin/../lib/gcc/arm-none-eabi/6.3.1/thumb/v7e-m/fpv4-sp/hard/crtbegin.o

.ccmram         0x10000000        0x0 load address 0x08002ca8
                0x10000000                . = ALIGN (0x4)
                0x10000000                _sccmram = .
 *(.ccmram)
 *(.ccmram*)
                0x10000000                . = ALIGN (0x4)
                0x10000000                _eccmram = .
                0x10000000                . = ALIGN (0x4)

.bss            0x20000070      0x280
                0x20000070                _sbss = .
                0x20000070                __bss_start__ = _sbss
 *(.bss)
 .bss           0x20000070       0x1c d:/telepitett/systemworkbench/plugins/fr.ac6.mcu.externaltools.arm-none.win32_1.15.0.201708311556/tools/compiler/bin/../lib/gcc/arm-none-eabi/6.3.1/thumb/v7e-m/fpv4-sp/hard/crtbegin.o
 .bss           0x2000008c      0x248 Src/main.o
                0x2000008c                hi2c1
                0x200000e0                huart1
                0x20000120                hadc1
                0x20000168                htim1
                0x200001a8                Serial
                0x200001ac                TWI
                0x200001b0                rxBuffer
                0x20000214                hdma_usart1_tx
                0x20000274                hdma_usart1_rx
 .bss           0x200002d4        0x8 Src/syscalls.o
                0x200002d8                __env
 *(.bss*)
 .bss._ZN12_GLOBAL__N_113__new_handlerE
                0x200002dc        0x4 d:/telepitett/systemworkbench/plugins/fr.ac6.mcu.externaltools.arm-none.win32_1.15.0.201708311556/tools/compiler/bin/../lib/gcc/arm-none-eabi/6.3.1/../../../../arm-none-eabi/lib/thumb/v7e-m/fpv4-sp/hard\libstdc++_nano.a(new_handler.o)
 .bss.__malloc_free_list
                0x200002e0        0x4 d:/telepitett/systemworkbench/plugins/fr.ac6.mcu.externaltools.arm-none.win32_1.15.0.201708311556/tools/compiler/bin/../lib/gcc/arm-none-eabi/6.3.1/../../../../arm-none-eabi/lib/thumb/v7e-m/fpv4-sp/hard\libc_nano.a(lib_a-nano-mallocr.o)
                0x200002e0                __malloc_free_list
 .bss.__malloc_sbrk_start
                0x200002e4        0x4 d:/telepitett/systemworkbench/plugins/fr.ac6.mcu.externaltools.arm-none.win32_1.15.0.201708311556/tools/compiler/bin/../lib/gcc/arm-none-eabi/6.3.1/../../../../arm-none-eabi/lib/thumb/v7e-m/fpv4-sp/hard\libc_nano.a(lib_a-nano-mallocr.o)
                0x200002e4                __malloc_sbrk_start
 *(COMMON)
 COMMON         0x200002e8        0x4 Drivers/STM32F4xx_HAL_Driver/Src/stm32f4xx_hal.o
                0x200002e8                uwTick
 COMMON         0x200002ec        0x4 d:/telepitett/systemworkbench/plugins/fr.ac6.mcu.externaltools.arm-none.win32_1.15.0.201708311556/tools/compiler/bin/../lib/gcc/arm-none-eabi/6.3.1/../../../../arm-none-eabi/lib/thumb/v7e-m/fpv4-sp/hard\libc_nano.a(lib_a-reent.o)
                0x200002ec                errno
                0x200002f0                . = ALIGN (0x4)
                0x200002f0                _ebss = .
                0x200002f0                __bss_end__ = _ebss

._user_heap_stack
                0x200002f0      0x600
                0x200002f0                . = ALIGN (0x8)
                0x200002f0                PROVIDE (end, .)
                [!provide]                PROVIDE (_end, .)
                0x200004f0                . = (. + _Min_Heap_Size)
 *fill*         0x200002f0      0x200 
                0x200008f0                . = (. + _Min_Stack_Size)
 *fill*         0x200004f0      0x400 
                0x200008f0                . = ALIGN (0x8)

/DISCARD/
 libc.a(*)
 libm.a(*)
 libgcc.a(*)

.ARM.attributes
                0x00000000       0x30
 *(.ARM.attributes)
 .ARM.attributes
                0x00000000       0x22 d:/telepitett/systemworkbench/plugins/fr.ac6.mcu.externaltools.arm-none.win32_1.15.0.201708311556/tools/compiler/bin/../lib/gcc/arm-none-eabi/6.3.1/thumb/v7e-m/fpv4-sp/hard/crti.o
 .ARM.attributes
                0x00000022       0x34 d:/telepitett/systemworkbench/plugins/fr.ac6.mcu.externaltools.arm-none.win32_1.15.0.201708311556/tools/compiler/bin/../lib/gcc/arm-none-eabi/6.3.1/thumb/v7e-m/fpv4-sp/hard/crtbegin.o
 .ARM.attributes
                0x00000056       0x39 Drivers/STM32F4xx_HAL_Driver/Src/stm32f4xx_hal.o
 .ARM.attributes
                0x0000008f       0x39 Drivers/STM32F4xx_HAL_Driver/Src/stm32f4xx_hal_adc.o
 .ARM.attributes
                0x000000c8       0x39 Drivers/STM32F4xx_HAL_Driver/Src/stm32f4xx_hal_cortex.o
 .ARM.attributes
                0x00000101       0x39 Drivers/STM32F4xx_HAL_Driver/Src/stm32f4xx_hal_dma.o
 .ARM.attributes
                0x0000013a       0x39 Drivers/STM32F4xx_HAL_Driver/Src/stm32f4xx_hal_gpio.o
 .ARM.attributes
                0x00000173       0x39 Drivers/STM32F4xx_HAL_Driver/Src/stm32f4xx_hal_i2c.o
 .ARM.attributes
                0x000001ac       0x39 Drivers/STM32F4xx_HAL_Driver/Src/stm32f4xx_hal_rcc.o
 .ARM.attributes
                0x000001e5       0x39 Drivers/STM32F4xx_HAL_Driver/Src/stm32f4xx_hal_tim.o
 .ARM.attributes
                0x0000021e       0x39 Drivers/STM32F4xx_HAL_Driver/Src/stm32f4xx_hal_tim_ex.o
 .ARM.attributes
                0x00000257       0x39 Drivers/STM32F4xx_HAL_Driver/Src/stm32f4xx_hal_uart.o
 .ARM.attributes
                0x00000290       0x39 Src/I2C.o
 .ARM.attributes
                0x000002c9       0x39 Src/UART.o
 .ARM.attributes
                0x00000302       0x39 Src/main.o
 .ARM.attributes
                0x0000033b       0x39 Src/stm32f4xx_hal_msp.o
 .ARM.attributes
                0x00000374       0x39 Src/stm32f4xx_it.o
 .ARM.attributes
                0x000003ad       0x39 Src/syscalls.o
 .ARM.attributes
                0x000003e6       0x39 Src/system_stm32f4xx.o
 .ARM.attributes
                0x0000041f       0x21 startup/startup_stm32f405xx.o
 .ARM.attributes
                0x00000440       0x34 d:/telepitett/systemworkbench/plugins/fr.ac6.mcu.externaltools.arm-none.win32_1.15.0.201708311556/tools/compiler/bin/../lib/gcc/arm-none-eabi/6.3.1/../../../../arm-none-eabi/lib/thumb/v7e-m/fpv4-sp/hard\libstdc++_nano.a(new_op.o)
 .ARM.attributes
                0x00000474       0x34 d:/telepitett/systemworkbench/plugins/fr.ac6.mcu.externaltools.arm-none.win32_1.15.0.201708311556/tools/compiler/bin/../lib/gcc/arm-none-eabi/6.3.1/../../../../arm-none-eabi/lib/thumb/v7e-m/fpv4-sp/hard\libstdc++_nano.a(new_handler.o)
 .ARM.attributes
                0x000004a8       0x22 d:/telepitett/systemworkbench/plugins/fr.ac6.mcu.externaltools.arm-none.win32_1.15.0.201708311556/tools/compiler/bin/../lib/gcc/arm-none-eabi/6.3.1/thumb/v7e-m/fpv4-sp/hard\libgcc.a(_aeabi_uldivmod.o)
 .ARM.attributes
                0x000004ca       0x34 d:/telepitett/systemworkbench/plugins/fr.ac6.mcu.externaltools.arm-none.win32_1.15.0.201708311556/tools/compiler/bin/../lib/gcc/arm-none-eabi/6.3.1/thumb/v7e-m/fpv4-sp/hard\libgcc.a(_udivmoddi4.o)
 .ARM.attributes
                0x000004fe       0x22 d:/telepitett/systemworkbench/plugins/fr.ac6.mcu.externaltools.arm-none.win32_1.15.0.201708311556/tools/compiler/bin/../lib/gcc/arm-none-eabi/6.3.1/thumb/v7e-m/fpv4-sp/hard\libgcc.a(_dvmd_tls.o)
 .ARM.attributes
                0x00000520       0x34 d:/telepitett/systemworkbench/plugins/fr.ac6.mcu.externaltools.arm-none.win32_1.15.0.201708311556/tools/compiler/bin/../lib/gcc/arm-none-eabi/6.3.1/../../../../arm-none-eabi/lib/thumb/v7e-m/fpv4-sp/hard\libc_nano.a(lib_a-abort.o)
 .ARM.attributes
                0x00000554       0x34 d:/telepitett/systemworkbench/plugins/fr.ac6.mcu.externaltools.arm-none.win32_1.15.0.201708311556/tools/compiler/bin/../lib/gcc/arm-none-eabi/6.3.1/../../../../arm-none-eabi/lib/thumb/v7e-m/fpv4-sp/hard\libc_nano.a(lib_a-errno.o)
 .ARM.attributes
                0x00000588       0x34 d:/telepitett/systemworkbench/plugins/fr.ac6.mcu.externaltools.arm-none.win32_1.15.0.201708311556/tools/compiler/bin/../lib/gcc/arm-none-eabi/6.3.1/../../../../arm-none-eabi/lib/thumb/v7e-m/fpv4-sp/hard\libc_nano.a(lib_a-impure.o)
 .ARM.attributes
                0x000005bc       0x34 d:/telepitett/systemworkbench/plugins/fr.ac6.mcu.externaltools.arm-none.win32_1.15.0.201708311556/tools/compiler/bin/../lib/gcc/arm-none-eabi/6.3.1/../../../../arm-none-eabi/lib/thumb/v7e-m/fpv4-sp/hard\libc_nano.a(lib_a-init.o)
 .ARM.attributes
                0x000005f0       0x34 d:/telepitett/systemworkbench/plugins/fr.ac6.mcu.externaltools.arm-none.win32_1.15.0.201708311556/tools/compiler/bin/../lib/gcc/arm-none-eabi/6.3.1/../../../../arm-none-eabi/lib/thumb/v7e-m/fpv4-sp/hard\libc_nano.a(lib_a-malloc.o)
 .ARM.attributes
                0x00000624       0x34 d:/telepitett/systemworkbench/plugins/fr.ac6.mcu.externaltools.arm-none.win32_1.15.0.201708311556/tools/compiler/bin/../lib/gcc/arm-none-eabi/6.3.1/../../../../arm-none-eabi/lib/thumb/v7e-m/fpv4-sp/hard\libc_nano.a(lib_a-memset.o)
 .ARM.attributes
                0x00000658       0x34 d:/telepitett/systemworkbench/plugins/fr.ac6.mcu.externaltools.arm-none.win32_1.15.0.201708311556/tools/compiler/bin/../lib/gcc/arm-none-eabi/6.3.1/../../../../arm-none-eabi/lib/thumb/v7e-m/fpv4-sp/hard\libc_nano.a(lib_a-nano-mallocr.o)
 .ARM.attributes
                0x0000068c       0x34 d:/telepitett/systemworkbench/plugins/fr.ac6.mcu.externaltools.arm-none.win32_1.15.0.201708311556/tools/compiler/bin/../lib/gcc/arm-none-eabi/6.3.1/../../../../arm-none-eabi/lib/thumb/v7e-m/fpv4-sp/hard\libc_nano.a(lib_a-sbrkr.o)
 .ARM.attributes
                0x000006c0       0x34 d:/telepitett/systemworkbench/plugins/fr.ac6.mcu.externaltools.arm-none.win32_1.15.0.201708311556/tools/compiler/bin/../lib/gcc/arm-none-eabi/6.3.1/../../../../arm-none-eabi/lib/thumb/v7e-m/fpv4-sp/hard\libc_nano.a(lib_a-signal.o)
 .ARM.attributes
                0x000006f4       0x34 d:/telepitett/systemworkbench/plugins/fr.ac6.mcu.externaltools.arm-none.win32_1.15.0.201708311556/tools/compiler/bin/../lib/gcc/arm-none-eabi/6.3.1/../../../../arm-none-eabi/lib/thumb/v7e-m/fpv4-sp/hard\libc_nano.a(lib_a-signalr.o)
 .ARM.attributes
                0x00000728       0x34 d:/telepitett/systemworkbench/plugins/fr.ac6.mcu.externaltools.arm-none.win32_1.15.0.201708311556/tools/compiler/bin/../lib/gcc/arm-none-eabi/6.3.1/../../../../arm-none-eabi/lib/thumb/v7e-m/fpv4-sp/hard\libc_nano.a(lib_a-strstr.o)
 .ARM.attributes
                0x0000075c       0x34 d:/telepitett/systemworkbench/plugins/fr.ac6.mcu.externaltools.arm-none.win32_1.15.0.201708311556/tools/compiler/bin/../lib/gcc/arm-none-eabi/6.3.1/../../../../arm-none-eabi/lib/thumb/v7e-m/fpv4-sp/hard\libc_nano.a(lib_a-mlock.o)
 .ARM.attributes
                0x00000790       0x34 d:/telepitett/systemworkbench/plugins/fr.ac6.mcu.externaltools.arm-none.win32_1.15.0.201708311556/tools/compiler/bin/../lib/gcc/arm-none-eabi/6.3.1/../../../../arm-none-eabi/lib/thumb/v7e-m/fpv4-sp/hard\libc_nano.a(lib_a-reent.o)
 .ARM.attributes
                0x000007c4       0x22 d:/telepitett/systemworkbench/plugins/fr.ac6.mcu.externaltools.arm-none.win32_1.15.0.201708311556/tools/compiler/bin/../lib/gcc/arm-none-eabi/6.3.1/thumb/v7e-m/fpv4-sp/hard/crtn.o
OUTPUT(UART_I2C_test.elf elf32-littlearm)

.debug_info     0x00000000    0x13fe5
 .debug_info    0x00000000      0x9e2 Drivers/STM32F4xx_HAL_Driver/Src/stm32f4xx_hal.o
 .debug_info    0x000009e2      0xe14 Drivers/STM32F4xx_HAL_Driver/Src/stm32f4xx_hal_adc.o
 .debug_info    0x000017f6      0xf7e Drivers/STM32F4xx_HAL_Driver/Src/stm32f4xx_hal_cortex.o
 .debug_info    0x00002774      0xaad Drivers/STM32F4xx_HAL_Driver/Src/stm32f4xx_hal_dma.o
 .debug_info    0x00003221      0x7c5 Drivers/STM32F4xx_HAL_Driver/Src/stm32f4xx_hal_gpio.o
 .debug_info    0x000039e6     0x3327 Drivers/STM32F4xx_HAL_Driver/Src/stm32f4xx_hal_i2c.o
 .debug_info    0x00006d0d      0xa97 Drivers/STM32F4xx_HAL_Driver/Src/stm32f4xx_hal_rcc.o
 .debug_info    0x000077a4     0x31da Drivers/STM32F4xx_HAL_Driver/Src/stm32f4xx_hal_tim.o
 .debug_info    0x0000a97e     0x14eb Drivers/STM32F4xx_HAL_Driver/Src/stm32f4xx_hal_tim_ex.o
 .debug_info    0x0000be69     0x171f Drivers/STM32F4xx_HAL_Driver/Src/stm32f4xx_hal_uart.o
 .debug_info    0x0000d588      0x958 Src/I2C.o
 .debug_info    0x0000dee0      0x9c0 Src/UART.o
 .debug_info    0x0000e8a0     0x2449 Src/main.o
 .debug_info    0x00010ce9     0x1634 Src/stm32f4xx_hal_msp.o
 .debug_info    0x0001231d      0x71a Src/stm32f4xx_it.o
 .debug_info    0x00012a37      0xfcf Src/syscalls.o
 .debug_info    0x00013a06      0x55f Src/system_stm32f4xx.o
 .debug_info    0x00013f65       0x80 startup/startup_stm32f405xx.o

.debug_abbrev   0x00000000     0x27d2
 .debug_abbrev  0x00000000      0x1eb Drivers/STM32F4xx_HAL_Driver/Src/stm32f4xx_hal.o
 .debug_abbrev  0x000001eb      0x240 Drivers/STM32F4xx_HAL_Driver/Src/stm32f4xx_hal_adc.o
 .debug_abbrev  0x0000042b      0x326 Drivers/STM32F4xx_HAL_Driver/Src/stm32f4xx_hal_cortex.o
 .debug_abbrev  0x00000751      0x28e Drivers/STM32F4xx_HAL_Driver/Src/stm32f4xx_hal_dma.o
 .debug_abbrev  0x000009df      0x1e5 Drivers/STM32F4xx_HAL_Driver/Src/stm32f4xx_hal_gpio.o
 .debug_abbrev  0x00000bc4      0x273 Drivers/STM32F4xx_HAL_Driver/Src/stm32f4xx_hal_i2c.o
 .debug_abbrev  0x00000e37      0x271 Drivers/STM32F4xx_HAL_Driver/Src/stm32f4xx_hal_rcc.o
 .debug_abbrev  0x000010a8      0x222 Drivers/STM32F4xx_HAL_Driver/Src/stm32f4xx_hal_tim.o
 .debug_abbrev  0x000012ca      0x233 Drivers/STM32F4xx_HAL_Driver/Src/stm32f4xx_hal_tim_ex.o
 .debug_abbrev  0x000014fd      0x286 Drivers/STM32F4xx_HAL_Driver/Src/stm32f4xx_hal_uart.o
 .debug_abbrev  0x00001783      0x235 Src/I2C.o
 .debug_abbrev  0x000019b8      0x294 Src/UART.o
 .debug_abbrev  0x00001c4c      0x3d0 Src/main.o
 .debug_abbrev  0x0000201c      0x231 Src/stm32f4xx_hal_msp.o
 .debug_abbrev  0x0000224d      0x176 Src/stm32f4xx_it.o
 .debug_abbrev  0x000023c3      0x2d4 Src/syscalls.o
 .debug_abbrev  0x00002697      0x129 Src/system_stm32f4xx.o
 .debug_abbrev  0x000027c0       0x12 startup/startup_stm32f405xx.o

.debug_loc      0x00000000     0xc4a1
 .debug_loc     0x00000000      0x10d Drivers/STM32F4xx_HAL_Driver/Src/stm32f4xx_hal.o
 .debug_loc     0x0000010d      0x9e6 Drivers/STM32F4xx_HAL_Driver/Src/stm32f4xx_hal_adc.o
 .debug_loc     0x00000af3      0x616 Drivers/STM32F4xx_HAL_Driver/Src/stm32f4xx_hal_cortex.o
 .debug_loc     0x00001109      0xae1 Drivers/STM32F4xx_HAL_Driver/Src/stm32f4xx_hal_dma.o
 .debug_loc     0x00001bea      0x42a Drivers/STM32F4xx_HAL_Driver/Src/stm32f4xx_hal_gpio.o
 .debug_loc     0x00002014     0x3733 Drivers/STM32F4xx_HAL_Driver/Src/stm32f4xx_hal_i2c.o
 .debug_loc     0x00005747      0x404 Drivers/STM32F4xx_HAL_Driver/Src/stm32f4xx_hal_rcc.o
 .debug_loc     0x00005b4b     0x382f Drivers/STM32F4xx_HAL_Driver/Src/stm32f4xx_hal_tim.o
 .debug_loc     0x0000937a     0x11fc Drivers/STM32F4xx_HAL_Driver/Src/stm32f4xx_hal_tim_ex.o
 .debug_loc     0x0000a576     0x15a5 Drivers/STM32F4xx_HAL_Driver/Src/stm32f4xx_hal_uart.o
 .debug_loc     0x0000bb1b      0x1a0 Src/I2C.o
 .debug_loc     0x0000bcbb      0x176 Src/UART.o
 .debug_loc     0x0000be31      0x185 Src/stm32f4xx_hal_msp.o
 .debug_loc     0x0000bfb6      0x3ad Src/syscalls.o
 .debug_loc     0x0000c363      0x13e Src/system_stm32f4xx.o

.debug_aranges  0x00000000     0x1008
 .debug_aranges
                0x00000000       0xf0 Drivers/STM32F4xx_HAL_Driver/Src/stm32f4xx_hal.o
 .debug_aranges
                0x000000f0       0xe8 Drivers/STM32F4xx_HAL_Driver/Src/stm32f4xx_hal_adc.o
 .debug_aranges
                0x000001d8       0xa8 Drivers/STM32F4xx_HAL_Driver/Src/stm32f4xx_hal_cortex.o
 .debug_aranges
                0x00000280       0x90 Drivers/STM32F4xx_HAL_Driver/Src/stm32f4xx_hal_dma.o
 .debug_aranges
                0x00000310       0x58 Drivers/STM32F4xx_HAL_Driver/Src/stm32f4xx_hal_gpio.o
 .debug_aranges
                0x00000368      0x298 Drivers/STM32F4xx_HAL_Driver/Src/stm32f4xx_hal_i2c.o
 .debug_aranges
                0x00000600       0x88 Drivers/STM32F4xx_HAL_Driver/Src/stm32f4xx_hal_rcc.o
 .debug_aranges
                0x00000688      0x3a8 Drivers/STM32F4xx_HAL_Driver/Src/stm32f4xx_hal_tim.o
 .debug_aranges
                0x00000a30      0x150 Drivers/STM32F4xx_HAL_Driver/Src/stm32f4xx_hal_tim_ex.o
 .debug_aranges
                0x00000b80      0x1d0 Drivers/STM32F4xx_HAL_Driver/Src/stm32f4xx_hal_uart.o
 .debug_aranges
                0x00000d50       0x30 Src/I2C.o
 .debug_aranges
                0x00000d80       0x40 Src/UART.o
 .debug_aranges
                0x00000dc0       0x68 Src/main.o
 .debug_aranges
                0x00000e28       0x68 Src/stm32f4xx_hal_msp.o
 .debug_aranges
                0x00000e90       0x78 Src/stm32f4xx_it.o
 .debug_aranges
                0x00000f08       0xb0 Src/syscalls.o
 .debug_aranges
                0x00000fb8       0x28 Src/system_stm32f4xx.o
 .debug_aranges
                0x00000fe0       0x28 startup/startup_stm32f405xx.o

.debug_ranges   0x00000000      0xf80
 .debug_ranges  0x00000000       0xe0 Drivers/STM32F4xx_HAL_Driver/Src/stm32f4xx_hal.o
 .debug_ranges  0x000000e0       0xd8 Drivers/STM32F4xx_HAL_Driver/Src/stm32f4xx_hal_adc.o
 .debug_ranges  0x000001b8       0xf8 Drivers/STM32F4xx_HAL_Driver/Src/stm32f4xx_hal_cortex.o
 .debug_ranges  0x000002b0       0x80 Drivers/STM32F4xx_HAL_Driver/Src/stm32f4xx_hal_dma.o
 .debug_ranges  0x00000330       0x48 Drivers/STM32F4xx_HAL_Driver/Src/stm32f4xx_hal_gpio.o
 .debug_ranges  0x00000378      0x2a0 Drivers/STM32F4xx_HAL_Driver/Src/stm32f4xx_hal_i2c.o
 .debug_ranges  0x00000618       0x90 Drivers/STM32F4xx_HAL_Driver/Src/stm32f4xx_hal_rcc.o
 .debug_ranges  0x000006a8      0x398 Drivers/STM32F4xx_HAL_Driver/Src/stm32f4xx_hal_tim.o
 .debug_ranges  0x00000a40      0x140 Drivers/STM32F4xx_HAL_Driver/Src/stm32f4xx_hal_tim_ex.o
 .debug_ranges  0x00000b80      0x1c0 Drivers/STM32F4xx_HAL_Driver/Src/stm32f4xx_hal_uart.o
 .debug_ranges  0x00000d40       0x20 Src/I2C.o
 .debug_ranges  0x00000d60       0x30 Src/UART.o
 .debug_ranges  0x00000d90       0x58 Src/main.o
 .debug_ranges  0x00000de8       0x58 Src/stm32f4xx_hal_msp.o
 .debug_ranges  0x00000e40       0x68 Src/stm32f4xx_it.o
 .debug_ranges  0x00000ea8       0xa0 Src/syscalls.o
 .debug_ranges  0x00000f48       0x18 Src/system_stm32f4xx.o
 .debug_ranges  0x00000f60       0x20 startup/startup_stm32f405xx.o

.debug_macro    0x00000000    0x20d4d
 .debug_macro   0x00000000      0x261 Drivers/STM32F4xx_HAL_Driver/Src/stm32f4xx_hal.o
 .debug_macro   0x00000261      0x8b0 Drivers/STM32F4xx_HAL_Driver/Src/stm32f4xx_hal.o
 .debug_macro   0x00000b11      0x196 Drivers/STM32F4xx_HAL_Driver/Src/stm32f4xx_hal.o
 .debug_macro   0x00000ca7       0x2e Drivers/STM32F4xx_HAL_Driver/Src/stm32f4xx_hal.o
 .debug_macro   0x00000cd5       0x2f Drivers/STM32F4xx_HAL_Driver/Src/stm32f4xx_hal.o
 .debug_macro   0x00000d04       0x22 Drivers/STM32F4xx_HAL_Driver/Src/stm32f4xx_hal.o
 .debug_macro   0x00000d26       0x87 Drivers/STM32F4xx_HAL_Driver/Src/stm32f4xx_hal.o
 .debug_macro   0x00000dad       0x51 Drivers/STM32F4xx_HAL_Driver/Src/stm32f4xx_hal.o
 .debug_macro   0x00000dfe       0xef Drivers/STM32F4xx_HAL_Driver/Src/stm32f4xx_hal.o
 .debug_macro   0x00000eed       0x6a Drivers/STM32F4xx_HAL_Driver/Src/stm32f4xx_hal.o
 .debug_macro   0x00000f57      0x1df Drivers/STM32F4xx_HAL_Driver/Src/stm32f4xx_hal.o
 .debug_macro   0x00001136       0x1c Drivers/STM32F4xx_HAL_Driver/Src/stm32f4xx_hal.o
 .debug_macro   0x00001152       0x22 Drivers/STM32F4xx_HAL_Driver/Src/stm32f4xx_hal.o
 .debug_macro   0x00001174       0xdf Drivers/STM32F4xx_HAL_Driver/Src/stm32f4xx_hal.o
 .debug_macro   0x00001253     0x102d Drivers/STM32F4xx_HAL_Driver/Src/stm32f4xx_hal.o
 .debug_macro   0x00002280      0x11f Drivers/STM32F4xx_HAL_Driver/Src/stm32f4xx_hal.o
 .debug_macro   0x0000239f    0x14251 Drivers/STM32F4xx_HAL_Driver/Src/stm32f4xx_hal.o
 .debug_macro   0x000165f0       0x43 Drivers/STM32F4xx_HAL_Driver/Src/stm32f4xx_hal.o
 .debug_macro   0x00016633     0x3659 Drivers/STM32F4xx_HAL_Driver/Src/stm32f4xx_hal.o
 .debug_macro   0x00019c8c      0x174 Drivers/STM32F4xx_HAL_Driver/Src/stm32f4xx_hal.o
 .debug_macro   0x00019e00       0x5a Drivers/STM32F4xx_HAL_Driver/Src/stm32f4xx_hal.o
 .debug_macro   0x00019e5a      0x8a7 Drivers/STM32F4xx_HAL_Driver/Src/stm32f4xx_hal.o
 .debug_macro   0x0001a701      0x9fe Drivers/STM32F4xx_HAL_Driver/Src/stm32f4xx_hal.o
 .debug_macro   0x0001b0ff      0x174 Drivers/STM32F4xx_HAL_Driver/Src/stm32f4xx_hal.o
 .debug_macro   0x0001b273      0x117 Drivers/STM32F4xx_HAL_Driver/Src/stm32f4xx_hal.o
 .debug_macro   0x0001b38a      0x130 Drivers/STM32F4xx_HAL_Driver/Src/stm32f4xx_hal.o
 .debug_macro   0x0001b4ba       0x27 Drivers/STM32F4xx_HAL_Driver/Src/stm32f4xx_hal.o
 .debug_macro   0x0001b4e1      0x287 Drivers/STM32F4xx_HAL_Driver/Src/stm32f4xx_hal.o
 .debug_macro   0x0001b768       0x5f Drivers/STM32F4xx_HAL_Driver/Src/stm32f4xx_hal.o
 .debug_macro   0x0001b7c7      0x236 Drivers/STM32F4xx_HAL_Driver/Src/stm32f4xx_hal.o
 .debug_macro   0x0001b9fd      0x391 Drivers/STM32F4xx_HAL_Driver/Src/stm32f4xx_hal.o
 .debug_macro   0x0001bd8e      0x176 Drivers/STM32F4xx_HAL_Driver/Src/stm32f4xx_hal.o
 .debug_macro   0x0001bf04       0xf9 Drivers/STM32F4xx_HAL_Driver/Src/stm32f4xx_hal.o
 .debug_macro   0x0001bffd      0x12c Drivers/STM32F4xx_HAL_Driver/Src/stm32f4xx_hal.o
 .debug_macro   0x0001c129      0x21e Drivers/STM32F4xx_HAL_Driver/Src/stm32f4xx_hal.o
 .debug_macro   0x0001c347       0x2e Drivers/STM32F4xx_HAL_Driver/Src/stm32f4xx_hal.o
 .debug_macro   0x0001c375      0x1b5 Drivers/STM32F4xx_HAL_Driver/Src/stm32f4xx_hal.o
 .debug_macro   0x0001c52a       0xd6 Drivers/STM32F4xx_HAL_Driver/Src/stm32f4xx_hal.o
 .debug_macro   0x0001c600      0x11a Drivers/STM32F4xx_HAL_Driver/Src/stm32f4xx_hal.o
 .debug_macro   0x0001c71a       0x7e Drivers/STM32F4xx_HAL_Driver/Src/stm32f4xx_hal.o
 .debug_macro   0x0001c798       0x89 Drivers/STM32F4xx_HAL_Driver/Src/stm32f4xx_hal.o
 .debug_macro   0x0001c821      0x8a0 Drivers/STM32F4xx_HAL_Driver/Src/stm32f4xx_hal.o
 .debug_macro   0x0001d0c1       0x47 Drivers/STM32F4xx_HAL_Driver/Src/stm32f4xx_hal.o
 .debug_macro   0x0001d108      0x287 Drivers/STM32F4xx_HAL_Driver/Src/stm32f4xx_hal.o
 .debug_macro   0x0001d38f      0x12d Drivers/STM32F4xx_HAL_Driver/Src/stm32f4xx_hal.o
 .debug_macro   0x0001d4bc      0x202 Drivers/STM32F4xx_HAL_Driver/Src/stm32f4xx_hal_adc.o
 .debug_macro   0x0001d6be      0x201 Drivers/STM32F4xx_HAL_Driver/Src/stm32f4xx_hal_cortex.o
 .debug_macro   0x0001d8bf      0x207 Drivers/STM32F4xx_HAL_Driver/Src/stm32f4xx_hal_dma.o
 .debug_macro   0x0001dac6      0x237 Drivers/STM32F4xx_HAL_Driver/Src/stm32f4xx_hal_gpio.o
 .debug_macro   0x0001dcfd      0x241 Drivers/STM32F4xx_HAL_Driver/Src/stm32f4xx_hal_i2c.o
 .debug_macro   0x0001df3e      0x225 Drivers/STM32F4xx_HAL_Driver/Src/stm32f4xx_hal_rcc.o
 .debug_macro   0x0001e163      0x202 Drivers/STM32F4xx_HAL_Driver/Src/stm32f4xx_hal_tim.o
 .debug_macro   0x0001e365      0x201 Drivers/STM32F4xx_HAL_Driver/Src/stm32f4xx_hal_tim_ex.o
 .debug_macro   0x0001e566      0x202 Drivers/STM32F4xx_HAL_Driver/Src/stm32f4xx_hal_uart.o
 .debug_macro   0x0001e768      0x210 Src/I2C.o
 .debug_macro   0x0001e978      0x216 Src/UART.o
 .debug_macro   0x0001eb8e      0x2d6 Src/main.o
 .debug_macro   0x0001ee64       0x10 Src/main.o
 .debug_macro   0x0001ee74       0x58 Src/main.o
 .debug_macro   0x0001eecc       0x35 Src/main.o
 .debug_macro   0x0001ef01       0x9c Src/main.o
 .debug_macro   0x0001ef9d       0x58 Src/main.o
 .debug_macro   0x0001eff5       0x1f Src/main.o
 .debug_macro   0x0001f014       0x43 Src/main.o
 .debug_macro   0x0001f057       0x20 Src/main.o
 .debug_macro   0x0001f077      0x187 Src/main.o
 .debug_macro   0x0001f1fe      0x34d Src/main.o
 .debug_macro   0x0001f54b       0x10 Src/main.o
 .debug_macro   0x0001f55b       0x35 Src/main.o
 .debug_macro   0x0001f590      0x20b Src/stm32f4xx_hal_msp.o
 .debug_macro   0x0001f79b      0x215 Src/stm32f4xx_it.o
 .debug_macro   0x0001f9b0      0x236 Src/syscalls.o
 .debug_macro   0x0001fbe6       0x52 Src/syscalls.o
 .debug_macro   0x0001fc38       0x8d Src/syscalls.o
 .debug_macro   0x0001fcc5       0x9c Src/syscalls.o
 .debug_macro   0x0001fd61       0x57 Src/syscalls.o
 .debug_macro   0x0001fdb8      0x330 Src/syscalls.o
 .debug_macro   0x000200e8       0x43 Src/syscalls.o
 .debug_macro   0x0002012b       0x10 Src/syscalls.o
 .debug_macro   0x0002013b       0x35 Src/syscalls.o
 .debug_macro   0x00020170       0x10 Src/syscalls.o
 .debug_macro   0x00020180       0x10 Src/syscalls.o
 .debug_macro   0x00020190       0x10 Src/syscalls.o
 .debug_macro   0x000201a0       0x1c Src/syscalls.o
 .debug_macro   0x000201bc       0x52 Src/syscalls.o
 .debug_macro   0x0002020e       0x40 Src/syscalls.o
 .debug_macro   0x0002024e       0x10 Src/syscalls.o
 .debug_macro   0x0002025e       0x40 Src/syscalls.o
 .debug_macro   0x0002029e       0xd7 Src/syscalls.o
 .debug_macro   0x00020375       0x35 Src/syscalls.o
 .debug_macro   0x000203aa      0x122 Src/syscalls.o
 .debug_macro   0x000204cc       0x16 Src/syscalls.o
 .debug_macro   0x000204e2       0x16 Src/syscalls.o
 .debug_macro   0x000204f8       0x29 Src/syscalls.o
 .debug_macro   0x00020521       0x10 Src/syscalls.o
 .debug_macro   0x00020531      0x241 Src/syscalls.o
 .debug_macro   0x00020772       0x1c Src/syscalls.o
 .debug_macro   0x0002078e       0x10 Src/syscalls.o
 .debug_macro   0x0002079e       0x10 Src/syscalls.o
 .debug_macro   0x000207ae       0x16 Src/syscalls.o
 .debug_macro   0x000207c4      0x18b Src/syscalls.o
 .debug_macro   0x0002094f      0x159 Src/syscalls.o
 .debug_macro   0x00020aa8       0x16 Src/syscalls.o
 .debug_macro   0x00020abe       0x88 Src/syscalls.o
 .debug_macro   0x00020b46      0x207 Src/system_stm32f4xx.o

.debug_line     0x00000000     0xc934
 .debug_line    0x00000000      0x968 Drivers/STM32F4xx_HAL_Driver/Src/stm32f4xx_hal.o
 .debug_line    0x00000968      0xc2d Drivers/STM32F4xx_HAL_Driver/Src/stm32f4xx_hal_adc.o
 .debug_line    0x00001595      0x99e Drivers/STM32F4xx_HAL_Driver/Src/stm32f4xx_hal_cortex.o
 .debug_line    0x00001f33      0xa92 Drivers/STM32F4xx_HAL_Driver/Src/stm32f4xx_hal_dma.o
 .debug_line    0x000029c5      0x8fb Drivers/STM32F4xx_HAL_Driver/Src/stm32f4xx_hal_gpio.o
 .debug_line    0x000032c0     0x1d45 Drivers/STM32F4xx_HAL_Driver/Src/stm32f4xx_hal_i2c.o
 .debug_line    0x00005005      0x9f1 Drivers/STM32F4xx_HAL_Driver/Src/stm32f4xx_hal_rcc.o
 .debug_line    0x000059f6     0x19d8 Drivers/STM32F4xx_HAL_Driver/Src/stm32f4xx_hal_tim.o
 .debug_line    0x000073ce      0xda1 Drivers/STM32F4xx_HAL_Driver/Src/stm32f4xx_hal_tim_ex.o
 .debug_line    0x0000816f     0x10b9 Drivers/STM32F4xx_HAL_Driver/Src/stm32f4xx_hal_uart.o
 .debug_line    0x00009228      0x785 Src/I2C.o
 .debug_line    0x000099ad      0x7e4 Src/UART.o
 .debug_line    0x0000a191      0x908 Src/main.o
 .debug_line    0x0000aa99      0x878 Src/stm32f4xx_hal_msp.o
 .debug_line    0x0000b311      0x832 Src/stm32f4xx_it.o
 .debug_line    0x0000bb43      0x5e1 Src/syscalls.o
 .debug_line    0x0000c124      0x792 Src/system_stm32f4xx.o
 .debug_line    0x0000c8b6       0x7e startup/startup_stm32f405xx.o

.debug_str      0x00000000    0xc69b5
 .debug_str     0x00000000    0xbd282 Drivers/STM32F4xx_HAL_Driver/Src/stm32f4xx_hal.o
                              0xbd640 (size before relaxing)
 .debug_str     0x000bd282      0x603 Drivers/STM32F4xx_HAL_Driver/Src/stm32f4xx_hal_adc.o
                              0xbd134 (size before relaxing)
 .debug_str     0x000bd885      0x397 Drivers/STM32F4xx_HAL_Driver/Src/stm32f4xx_hal_cortex.o
                              0xbd3ea (size before relaxing)
 .debug_str     0x000bdc1c      0x2fe Drivers/STM32F4xx_HAL_Driver/Src/stm32f4xx_hal_dma.o
                              0xbcf70 (size before relaxing)
 .debug_str     0x000bdf1a      0x281 Drivers/STM32F4xx_HAL_Driver/Src/stm32f4xx_hal_gpio.o
                              0xbcd8e (size before relaxing)
 .debug_str     0x000be19b      0xcc4 Drivers/STM32F4xx_HAL_Driver/Src/stm32f4xx_hal_i2c.o
                              0xbdafd (size before relaxing)
 .debug_str     0x000bee5f      0x32a Drivers/STM32F4xx_HAL_Driver/Src/stm32f4xx_hal_rcc.o
                              0xbcf63 (size before relaxing)
 .debug_str     0x000bf189      0xea7 Drivers/STM32F4xx_HAL_Driver/Src/stm32f4xx_hal_tim.o
                              0xbdcae (size before relaxing)
 .debug_str     0x000c0030      0x49d Drivers/STM32F4xx_HAL_Driver/Src/stm32f4xx_hal_tim_ex.o
                              0xbd4c6 (size before relaxing)
 .debug_str     0x000c04cd      0x68b Drivers/STM32F4xx_HAL_Driver/Src/stm32f4xx_hal_uart.o
                              0xbd412 (size before relaxing)
 .debug_str     0x000c0b58      0x809 Src/I2C.o
                              0xbd539 (size before relaxing)
 .debug_str     0x000c1361      0x21a Src/UART.o
                              0xbd535 (size before relaxing)
 .debug_str     0x000c157b     0x2ec8 Src/main.o
                              0xc1462 (size before relaxing)
 .debug_str     0x000c4443       0x24 Src/stm32f4xx_hal_msp.o
                              0xbdb72 (size before relaxing)
 .debug_str     0x000c4467       0xfa Src/stm32f4xx_it.o
                              0xbcf00 (size before relaxing)
 .debug_str     0x000c4561     0x23fa Src/syscalls.o
                               0x7d58 (size before relaxing)
 .debug_str     0x000c695b       0x5a Src/system_stm32f4xx.o
                              0xbcb4a (size before relaxing)

.comment        0x00000000       0x7f
 .comment       0x00000000       0x7f Drivers/STM32F4xx_HAL_Driver/Src/stm32f4xx_hal.o
                                 0x80 (size before relaxing)
 .comment       0x0000007f       0x80 Drivers/STM32F4xx_HAL_Driver/Src/stm32f4xx_hal_adc.o
 .comment       0x0000007f       0x80 Drivers/STM32F4xx_HAL_Driver/Src/stm32f4xx_hal_cortex.o
 .comment       0x0000007f       0x80 Drivers/STM32F4xx_HAL_Driver/Src/stm32f4xx_hal_dma.o
 .comment       0x0000007f       0x80 Drivers/STM32F4xx_HAL_Driver/Src/stm32f4xx_hal_gpio.o
 .comment       0x0000007f       0x80 Drivers/STM32F4xx_HAL_Driver/Src/stm32f4xx_hal_i2c.o
 .comment       0x0000007f       0x80 Drivers/STM32F4xx_HAL_Driver/Src/stm32f4xx_hal_rcc.o
 .comment       0x0000007f       0x80 Drivers/STM32F4xx_HAL_Driver/Src/stm32f4xx_hal_tim.o
 .comment       0x0000007f       0x80 Drivers/STM32F4xx_HAL_Driver/Src/stm32f4xx_hal_tim_ex.o
 .comment       0x0000007f       0x80 Drivers/STM32F4xx_HAL_Driver/Src/stm32f4xx_hal_uart.o
 .comment       0x0000007f       0x80 Src/I2C.o
 .comment       0x0000007f       0x80 Src/UART.o
 .comment       0x0000007f       0x80 Src/main.o
 .comment       0x0000007f       0x80 Src/stm32f4xx_hal_msp.o
 .comment       0x0000007f       0x80 Src/stm32f4xx_it.o
 .comment       0x0000007f       0x80 Src/syscalls.o
 .comment       0x0000007f       0x80 Src/system_stm32f4xx.o

.debug_frame    0x00000000     0x2f2c
 .debug_frame   0x00000000      0x1ec Drivers/STM32F4xx_HAL_Driver/Src/stm32f4xx_hal.o
 .debug_frame   0x000001ec      0x27c Drivers/STM32F4xx_HAL_Driver/Src/stm32f4xx_hal_adc.o
 .debug_frame   0x00000468      0x15c Drivers/STM32F4xx_HAL_Driver/Src/stm32f4xx_hal_cortex.o
 .debug_frame   0x000005c4      0x17c Drivers/STM32F4xx_HAL_Driver/Src/stm32f4xx_hal_dma.o
 .debug_frame   0x00000740       0xd8 Drivers/STM32F4xx_HAL_Driver/Src/stm32f4xx_hal_gpio.o
 .debug_frame   0x00000818      0x8f8 Drivers/STM32F4xx_HAL_Driver/Src/stm32f4xx_hal_i2c.o
 .debug_frame   0x00001110      0x174 Drivers/STM32F4xx_HAL_Driver/Src/stm32f4xx_hal_rcc.o
 .debug_frame   0x00001284      0xa88 Drivers/STM32F4xx_HAL_Driver/Src/stm32f4xx_hal_tim.o
 .debug_frame   0x00001d0c      0x3b4 Drivers/STM32F4xx_HAL_Driver/Src/stm32f4xx_hal_tim_ex.o
 .debug_frame   0x000020c0      0x4ec Drivers/STM32F4xx_HAL_Driver/Src/stm32f4xx_hal_uart.o
 .debug_frame   0x000025ac       0x60 Src/I2C.o
 .debug_frame   0x0000260c       0x80 Src/UART.o
 .debug_frame   0x0000268c      0x11c Src/main.o
 .debug_frame   0x000027a8      0x120 Src/stm32f4xx_hal_msp.o
 .debug_frame   0x000028c8       0xf0 Src/stm32f4xx_it.o
 .debug_frame   0x000029b8      0x1ac Src/syscalls.o
 .debug_frame   0x00002b64       0x30 Src/system_stm32f4xx.o
 .debug_frame   0x00002b94       0x28 d:/telepitett/systemworkbench/plugins/fr.ac6.mcu.externaltools.arm-none.win32_1.15.0.201708311556/tools/compiler/bin/../lib/gcc/arm-none-eabi/6.3.1/../../../../arm-none-eabi/lib/thumb/v7e-m/fpv4-sp/hard\libstdc++_nano.a(new_op.o)
 .debug_frame   0x00002bbc       0x30 d:/telepitett/systemworkbench/plugins/fr.ac6.mcu.externaltools.arm-none.win32_1.15.0.201708311556/tools/compiler/bin/../lib/gcc/arm-none-eabi/6.3.1/../../../../arm-none-eabi/lib/thumb/v7e-m/fpv4-sp/hard\libstdc++_nano.a(new_handler.o)
 .debug_frame   0x00002bec       0x2c d:/telepitett/systemworkbench/plugins/fr.ac6.mcu.externaltools.arm-none.win32_1.15.0.201708311556/tools/compiler/bin/../lib/gcc/arm-none-eabi/6.3.1/thumb/v7e-m/fpv4-sp/hard\libgcc.a(_aeabi_uldivmod.o)
 .debug_frame   0x00002c18       0x34 d:/telepitett/systemworkbench/plugins/fr.ac6.mcu.externaltools.arm-none.win32_1.15.0.201708311556/tools/compiler/bin/../lib/gcc/arm-none-eabi/6.3.1/thumb/v7e-m/fpv4-sp/hard\libgcc.a(_udivmoddi4.o)
 .debug_frame   0x00002c4c       0x28 d:/telepitett/systemworkbench/plugins/fr.ac6.mcu.externaltools.arm-none.win32_1.15.0.201708311556/tools/compiler/bin/../lib/gcc/arm-none-eabi/6.3.1/../../../../arm-none-eabi/lib/thumb/v7e-m/fpv4-sp/hard\libc_nano.a(lib_a-abort.o)
 .debug_frame   0x00002c74       0x20 d:/telepitett/systemworkbench/plugins/fr.ac6.mcu.externaltools.arm-none.win32_1.15.0.201708311556/tools/compiler/bin/../lib/gcc/arm-none-eabi/6.3.1/../../../../arm-none-eabi/lib/thumb/v7e-m/fpv4-sp/hard\libc_nano.a(lib_a-errno.o)
 .debug_frame   0x00002c94       0x2c d:/telepitett/systemworkbench/plugins/fr.ac6.mcu.externaltools.arm-none.win32_1.15.0.201708311556/tools/compiler/bin/../lib/gcc/arm-none-eabi/6.3.1/../../../../arm-none-eabi/lib/thumb/v7e-m/fpv4-sp/hard\libc_nano.a(lib_a-init.o)
 .debug_frame   0x00002cc0       0x30 d:/telepitett/systemworkbench/plugins/fr.ac6.mcu.externaltools.arm-none.win32_1.15.0.201708311556/tools/compiler/bin/../lib/gcc/arm-none-eabi/6.3.1/../../../../arm-none-eabi/lib/thumb/v7e-m/fpv4-sp/hard\libc_nano.a(lib_a-malloc.o)
 .debug_frame   0x00002cf0       0x20 d:/telepitett/systemworkbench/plugins/fr.ac6.mcu.externaltools.arm-none.win32_1.15.0.201708311556/tools/compiler/bin/../lib/gcc/arm-none-eabi/6.3.1/../../../../arm-none-eabi/lib/thumb/v7e-m/fpv4-sp/hard\libc_nano.a(lib_a-memset.o)
 .debug_frame   0x00002d10       0x2c d:/telepitett/systemworkbench/plugins/fr.ac6.mcu.externaltools.arm-none.win32_1.15.0.201708311556/tools/compiler/bin/../lib/gcc/arm-none-eabi/6.3.1/../../../../arm-none-eabi/lib/thumb/v7e-m/fpv4-sp/hard\libc_nano.a(lib_a-nano-mallocr.o)
 .debug_frame   0x00002d3c       0x2c d:/telepitett/systemworkbench/plugins/fr.ac6.mcu.externaltools.arm-none.win32_1.15.0.201708311556/tools/compiler/bin/../lib/gcc/arm-none-eabi/6.3.1/../../../../arm-none-eabi/lib/thumb/v7e-m/fpv4-sp/hard\libc_nano.a(lib_a-sbrkr.o)
 .debug_frame   0x00002d68       0xcc d:/telepitett/systemworkbench/plugins/fr.ac6.mcu.externaltools.arm-none.win32_1.15.0.201708311556/tools/compiler/bin/../lib/gcc/arm-none-eabi/6.3.1/../../../../arm-none-eabi/lib/thumb/v7e-m/fpv4-sp/hard\libc_nano.a(lib_a-signal.o)
 .debug_frame   0x00002e34       0x3c d:/telepitett/systemworkbench/plugins/fr.ac6.mcu.externaltools.arm-none.win32_1.15.0.201708311556/tools/compiler/bin/../lib/gcc/arm-none-eabi/6.3.1/../../../../arm-none-eabi/lib/thumb/v7e-m/fpv4-sp/hard\libc_nano.a(lib_a-signalr.o)
 .debug_frame   0x00002e70       0x30 d:/telepitett/systemworkbench/plugins/fr.ac6.mcu.externaltools.arm-none.win32_1.15.0.201708311556/tools/compiler/bin/../lib/gcc/arm-none-eabi/6.3.1/../../../../arm-none-eabi/lib/thumb/v7e-m/fpv4-sp/hard\libc_nano.a(lib_a-strstr.o)
 .debug_frame   0x00002ea0       0x30 d:/telepitett/systemworkbench/plugins/fr.ac6.mcu.externaltools.arm-none.win32_1.15.0.201708311556/tools/compiler/bin/../lib/gcc/arm-none-eabi/6.3.1/../../../../arm-none-eabi/lib/thumb/v7e-m/fpv4-sp/hard\libc_nano.a(lib_a-mlock.o)
 .debug_frame   0x00002ed0       0x5c d:/telepitett/systemworkbench/plugins/fr.ac6.mcu.externaltools.arm-none.win32_1.15.0.201708311556/tools/compiler/bin/../lib/gcc/arm-none-eabi/6.3.1/../../../../arm-none-eabi/lib/thumb/v7e-m/fpv4-sp/hard\libc_nano.a(lib_a-reent.o)
